Archive member included to satisfy reference by file (symbol)

c:/st/stm32cubeide_1.5.1/stm32cubeide/plugins/com.st.stm32cube.ide.mcu.externaltools.gnu-tools-for-stm32.7-2018-q2-update.win32_1.5.0.202011040924/tools/bin/../lib/gcc/arm-none-eabi/7.3.1/../../../../arm-none-eabi/lib/thumb/v8-m.main/fpv5-sp/hard\libc_nano.a(lib_a-errno.o)
                              Application/User/syscalls.o (__errno)
c:/st/stm32cubeide_1.5.1/stm32cubeide/plugins/com.st.stm32cube.ide.mcu.externaltools.gnu-tools-for-stm32.7-2018-q2-update.win32_1.5.0.202011040924/tools/bin/../lib/gcc/arm-none-eabi/7.3.1/../../../../arm-none-eabi/lib/thumb/v8-m.main/fpv5-sp/hard\libc_nano.a(lib_a-exit.o)
                              c:/st/stm32cubeide_1.5.1/stm32cubeide/plugins/com.st.stm32cube.ide.mcu.externaltools.gnu-tools-for-stm32.7-2018-q2-update.win32_1.5.0.202011040924/tools/bin/../lib/gcc/arm-none-eabi/7.3.1/../../../../arm-none-eabi/lib/thumb/v8-m.main/fpv5-sp/hard/crt0.o (exit)
c:/st/stm32cubeide_1.5.1/stm32cubeide/plugins/com.st.stm32cube.ide.mcu.externaltools.gnu-tools-for-stm32.7-2018-q2-update.win32_1.5.0.202011040924/tools/bin/../lib/gcc/arm-none-eabi/7.3.1/../../../../arm-none-eabi/lib/thumb/v8-m.main/fpv5-sp/hard\libc_nano.a(lib_a-gmtime.o)
                              mbedtls/library/platform_util.o (gmtime)
c:/st/stm32cubeide_1.5.1/stm32cubeide/plugins/com.st.stm32cube.ide.mcu.externaltools.gnu-tools-for-stm32.7-2018-q2-update.win32_1.5.0.202011040924/tools/bin/../lib/gcc/arm-none-eabi/7.3.1/../../../../arm-none-eabi/lib/thumb/v8-m.main/fpv5-sp/hard\libc_nano.a(lib_a-gmtime_r.o)
                              c:/st/stm32cubeide_1.5.1/stm32cubeide/plugins/com.st.stm32cube.ide.mcu.externaltools.gnu-tools-for-stm32.7-2018-q2-update.win32_1.5.0.202011040924/tools/bin/../lib/gcc/arm-none-eabi/7.3.1/../../../../arm-none-eabi/lib/thumb/v8-m.main/fpv5-sp/hard\libc_nano.a(lib_a-gmtime.o) (gmtime_r)
c:/st/stm32cubeide_1.5.1/stm32cubeide/plugins/com.st.stm32cube.ide.mcu.externaltools.gnu-tools-for-stm32.7-2018-q2-update.win32_1.5.0.202011040924/tools/bin/../lib/gcc/arm-none-eabi/7.3.1/../../../../arm-none-eabi/lib/thumb/v8-m.main/fpv5-sp/hard\libc_nano.a(lib_a-impure.o)
                              c:/st/stm32cubeide_1.5.1/stm32cubeide/plugins/com.st.stm32cube.ide.mcu.externaltools.gnu-tools-for-stm32.7-2018-q2-update.win32_1.5.0.202011040924/tools/bin/../lib/gcc/arm-none-eabi/7.3.1/../../../../arm-none-eabi/lib/thumb/v8-m.main/fpv5-sp/hard\libc_nano.a(lib_a-exit.o) (_global_impure_ptr)
c:/st/stm32cubeide_1.5.1/stm32cubeide/plugins/com.st.stm32cube.ide.mcu.externaltools.gnu-tools-for-stm32.7-2018-q2-update.win32_1.5.0.202011040924/tools/bin/../lib/gcc/arm-none-eabi/7.3.1/../../../../arm-none-eabi/lib/thumb/v8-m.main/fpv5-sp/hard\libc_nano.a(lib_a-init.o)
                              c:/st/stm32cubeide_1.5.1/stm32cubeide/plugins/com.st.stm32cube.ide.mcu.externaltools.gnu-tools-for-stm32.7-2018-q2-update.win32_1.5.0.202011040924/tools/bin/../lib/gcc/arm-none-eabi/7.3.1/../../../../arm-none-eabi/lib/thumb/v8-m.main/fpv5-sp/hard/crt0.o (__libc_init_array)
c:/st/stm32cubeide_1.5.1/stm32cubeide/plugins/com.st.stm32cube.ide.mcu.externaltools.gnu-tools-for-stm32.7-2018-q2-update.win32_1.5.0.202011040924/tools/bin/../lib/gcc/arm-none-eabi/7.3.1/../../../../arm-none-eabi/lib/thumb/v8-m.main/fpv5-sp/hard\libc_nano.a(lib_a-malloc.o)
                              c:/st/stm32cubeide_1.5.1/stm32cubeide/plugins/com.st.stm32cube.ide.mcu.externaltools.gnu-tools-for-stm32.7-2018-q2-update.win32_1.5.0.202011040924/tools/bin/../lib/gcc/arm-none-eabi/7.3.1/../../../../arm-none-eabi/lib/thumb/v8-m.main/fpv5-sp/hard\libc_nano.a(lib_a-gmtime.o) (malloc)
c:/st/stm32cubeide_1.5.1/stm32cubeide/plugins/com.st.stm32cube.ide.mcu.externaltools.gnu-tools-for-stm32.7-2018-q2-update.win32_1.5.0.202011040924/tools/bin/../lib/gcc/arm-none-eabi/7.3.1/../../../../arm-none-eabi/lib/thumb/v8-m.main/fpv5-sp/hard\libc_nano.a(lib_a-memcmp.o)
                              mbedtls/library/aes.o (memcmp)
c:/st/stm32cubeide_1.5.1/stm32cubeide/plugins/com.st.stm32cube.ide.mcu.externaltools.gnu-tools-for-stm32.7-2018-q2-update.win32_1.5.0.202011040924/tools/bin/../lib/gcc/arm-none-eabi/7.3.1/../../../../arm-none-eabi/lib/thumb/v8-m.main/fpv5-sp/hard\libc_nano.a(lib_a-memcpy-stub.o)
                              mbedtls/library/aes.o (memcpy)
c:/st/stm32cubeide_1.5.1/stm32cubeide/plugins/com.st.stm32cube.ide.mcu.externaltools.gnu-tools-for-stm32.7-2018-q2-update.win32_1.5.0.202011040924/tools/bin/../lib/gcc/arm-none-eabi/7.3.1/../../../../arm-none-eabi/lib/thumb/v8-m.main/fpv5-sp/hard\libc_nano.a(lib_a-memset.o)
                              c:/st/stm32cubeide_1.5.1/stm32cubeide/plugins/com.st.stm32cube.ide.mcu.externaltools.gnu-tools-for-stm32.7-2018-q2-update.win32_1.5.0.202011040924/tools/bin/../lib/gcc/arm-none-eabi/7.3.1/../../../../arm-none-eabi/lib/thumb/v8-m.main/fpv5-sp/hard/crt0.o (memset)
[...]
Memory Configuration

Name             Origin             Length             Attributes
RAM              0x0000000020000000 0x0000000000030000 xrw
ROM              0x0000000008000000 0x0000000000080000 xr
*default*        0x0000000000000000 0xffffffffffffffff

Linker script and memory map

LOAD c:/st/stm32cubeide_1.5.1/stm32cubeide/plugins/com.st.stm32cube.ide.mcu.externaltools.gnu-tools-for-stm32.7-2018-q2-update.win32_1.5.0.202011040924/tools/bin/../lib/gcc/arm-none-eabi/7.3.1/thumb/v8-m.main/fpv5-sp/hard/crti.o
LOAD c:/st/stm32cubeide_1.5.1/stm32cubeide/plugins/com.st.stm32cube.ide.mcu.externaltools.gnu-tools-for-stm32.7-2018-q2-update.win32_1.5.0.202011040924/tools/bin/../lib/gcc/arm-none-eabi/7.3.1/thumb/v8-m.main/fpv5-sp/hard/crtbegin.o
LOAD c:/st/stm32cubeide_1.5.1/stm32cubeide/plugins/com.st.stm32cube.ide.mcu.externaltools.gnu-tools-for-stm32.7-2018-q2-update.win32_1.5.0.202011040924/tools/bin/../lib/gcc/arm-none-eabi/7.3.1/../../../../arm-none-eabi/lib/thumb/v8-m.main/fpv5-sp/hard/crt0.o
LOAD Application/Startup/startup_stm32l552zetx.o
LOAD Application/User/aes_process.o
LOAD Application/User/main.o
LOAD Application/User/stm32l5xx_hal_msp.o
LOAD Application/User/stm32l5xx_it.o
LOAD Application/User/syscalls.o
LOAD Application/User/sysmem.o
LOAD Drivers/BSP/STM32L5xx_Nucleo/stm32l5xx_nucleo.o
LOAD Drivers/CMSIS/system_stm32l5xx.o
LOAD Drivers/STM32L5xx_HAL_Driver/stm32l5xx_hal.o
LOAD Drivers/STM32L5xx_HAL_Driver/stm32l5xx_hal_cortex.o
LOAD Drivers/STM32L5xx_HAL_Driver/stm32l5xx_hal_dma.o
LOAD Drivers/STM32L5xx_HAL_Driver/stm32l5xx_hal_dma_ex.o
LOAD Drivers/STM32L5xx_HAL_Driver/stm32l5xx_hal_exti.o
LOAD Drivers/STM32L5xx_HAL_Driver/stm32l5xx_hal_flash.o
LOAD Drivers/STM32L5xx_HAL_Driver/stm32l5xx_hal_flash_ex.o
LOAD Drivers/STM32L5xx_HAL_Driver/stm32l5xx_hal_flash_ramfunc.o
LOAD Drivers/STM32L5xx_HAL_Driver/stm32l5xx_hal_gpio.o
LOAD Drivers/STM32L5xx_HAL_Driver/stm32l5xx_hal_gtzc.o
LOAD Drivers/STM32L5xx_HAL_Driver/stm32l5xx_hal_i2c.o
LOAD Drivers/STM32L5xx_HAL_Driver/stm32l5xx_hal_i2c_ex.o
LOAD Drivers/STM32L5xx_HAL_Driver/stm32l5xx_hal_icache.o
LOAD Drivers/STM32L5xx_HAL_Driver/stm32l5xx_hal_pwr.o
LOAD Drivers/STM32L5xx_HAL_Driver/stm32l5xx_hal_pwr_ex.o
LOAD Drivers/STM32L5xx_HAL_Driver/stm32l5xx_hal_rcc.o
LOAD Drivers/STM32L5xx_HAL_Driver/stm32l5xx_hal_rcc_ex.o
LOAD Drivers/STM32L5xx_HAL_Driver/stm32l5xx_hal_tim.o
LOAD Drivers/STM32L5xx_HAL_Driver/stm32l5xx_hal_tim_ex.o
LOAD Drivers/STM32L5xx_HAL_Driver/stm32l5xx_hal_uart.o
LOAD Drivers/STM32L5xx_HAL_Driver/stm32l5xx_hal_uart_ex.o
LOAD mbedtls/library/aes.o
LOAD mbedtls/library/platform.o
LOAD mbedtls/library/platform_util.o
START GROUP
LOAD c:/st/stm32cubeide_1.5.1/stm32cubeide/plugins/com.st.stm32cube.ide.mcu.externaltools.gnu-tools-for-stm32.7-2018-q2-update.win32_1.5.0.202011040924/tools/bin/../lib/gcc/arm-none-eabi/7.3.1/../../../../arm-none-eabi/lib/thumb/v8-m.main/fpv5-sp/hard\libstdc++_nano.a
LOAD c:/st/stm32cubeide_1.5.1/stm32cubeide/plugins/com.st.stm32cube.ide.mcu.externaltools.gnu-tools-for-stm32.7-2018-q2-update.win32_1.5.0.202011040924/tools/bin/../lib/gcc/arm-none-eabi/7.3.1/../../../../arm-none-eabi/lib/thumb/v8-m.main/fpv5-sp/hard\libsupc++_nano.a
END GROUP
LOAD c:/st/stm32cubeide_1.5.1/stm32cubeide/plugins/com.st.stm32cube.ide.mcu.externaltools.gnu-tools-for-stm32.7-2018-q2-update.win32_1.5.0.202011040924/tools/bin/../lib/gcc/arm-none-eabi/7.3.1/../../../../arm-none-eabi/lib/thumb/v8-m.main/fpv5-sp/hard\libstdc++_nano.a
LOAD c:/st/stm32cubeide_1.5.1/stm32cubeide/plugins/com.st.stm32cube.ide.mcu.externaltools.gnu-tools-for-stm32.7-2018-q2-update.win32_1.5.0.202011040924/tools/bin/../lib/gcc/arm-none-eabi/7.3.1/../../../../arm-none-eabi/lib/thumb/v8-m.main/fpv5-sp/hard\libm.a
LOAD c:/st/stm32cubeide_1.5.1/stm32cubeide/plugins/com.st.stm32cube.ide.mcu.externaltools.gnu-tools-for-stm32.7-2018-q2-update.win32_1.5.0.202011040924/tools/bin/../lib/gcc/arm-none-eabi/7.3.1/../../../../arm-none-eabi/lib/thumb/v8-m.main/fpv5-sp/hard\libc_nano.a
START GROUP
LOAD c:/st/stm32cubeide_1.5.1/stm32cubeide/plugins/com.st.stm32cube.ide.mcu.externaltools.gnu-tools-for-stm32.7-2018-q2-update.win32_1.5.0.202011040924/tools/bin/../lib/gcc/arm-none-eabi/7.3.1/thumb/v8-m.main/fpv5-sp/hard\libgcc.a
LOAD c:/st/stm32cubeide_1.5.1/stm32cubeide/plugins/com.st.stm32cube.ide.mcu.externaltools.gnu-tools-for-stm32.7-2018-q2-update.win32_1.5.0.202011040924/tools/bin/../lib/gcc/arm-none-eabi/7.3.1/../../../../arm-none-eabi/lib/thumb/v8-m.main/fpv5-sp/hard\libc_nano.a
END GROUP
START GROUP
LOAD c:/st/stm32cubeide_1.5.1/stm32cubeide/plugins/com.st.stm32cube.ide.mcu.externaltools.gnu-tools-for-stm32.7-2018-q2-update.win32_1.5.0.202011040924/tools/bin/../lib/gcc/arm-none-eabi/7.3.1/thumb/v8-m.main/fpv5-sp/hard\libgcc.a
LOAD c:/st/stm32cubeide_1.5.1/stm32cubeide/plugins/com.st.stm32cube.ide.mcu.externaltools.gnu-tools-for-stm32.7-2018-q2-update.win32_1.5.0.202011040924/tools/bin/../lib/gcc/arm-none-eabi/7.3.1/../../../../arm-none-eabi/lib/thumb/v8-m.main/fpv5-sp/hard\libc_nano.a
END GROUP
LOAD c:/st/stm32cubeide_1.5.1/stm32cubeide/plugins/com.st.stm32cube.ide.mcu.externaltools.gnu-tools-for-stm32.7-2018-q2-update.win32_1.5.0.202011040924/tools/bin/../lib/gcc/arm-none-eabi/7.3.1/thumb/v8-m.main/fpv5-sp/hard/crtend.o
LOAD c:/st/stm32cubeide_1.5.1/stm32cubeide/plugins/com.st.stm32cube.ide.mcu.externaltools.gnu-tools-for-stm32.7-2018-q2-update.win32_1.5.0.202011040924/tools/bin/../lib/gcc/arm-none-eabi/7.3.1/thumb/v8-m.main/fpv5-sp/hard/crtn.o
                0x0000000020030000                _estack = (ORIGIN (RAM) + LENGTH (RAM))
                0x0000000000000200                _Min_Heap_Size = 0x200
                0x0000000000000400                _Min_Stack_Size = 0x400

.isr_vector     0x0000000008000000      0x1f8
                0x0000000008000000                . = ALIGN (0x8)
 *(.isr_vector)
 .isr_vector    0x0000000008000000      0x1f4 Application/Startup/startup_stm32l552zetx.o
                0x0000000008000000                g_pfnVectors
                0x00000000080001f8                . = ALIGN (0x8)
 *fill*         0x00000000080001f4        0x4 

.text           0x00000000080001f8     0x6548
                0x00000000080001f8                . = ALIGN (0x8)
 *(.text)
 .text          0x00000000080001f8       0x40 c:/st/stm32cubeide_1.5.1/stm32cubeide/plugins/com.st.stm32cube.ide.mcu.externaltools.gnu-tools-for-stm32.7-2018-q2-update.win32_1.5.0.202011040924/tools/bin/../lib/gcc/arm-none-eabi/7.3.1/thumb/v8-m.main/fpv5-sp/hard/crtbegin.o
 .text          0x0000000008000238       0x30 c:/st/stm32cubeide_1.5.1/stm32cubeide/plugins/com.st.stm32cube.ide.mcu.externaltools.gnu-tools-for-stm32.7-2018-q2-update.win32_1.5.0.202011040924/tools/bin/../lib/gcc/arm-none-eabi/7.3.1/thumb/v8-m.main/fpv5-sp/hard\libgcc.a(_aeabi_uldivmod.o)
                0x0000000008000238                __aeabi_uldivmod
 .text          0x0000000008000268      0x2e0 c:/st/stm32cubeide_1.5.1/stm32cubeide/plugins/com.st.stm32cube.ide.mcu.externaltools.gnu-tools-for-stm32.7-2018-q2-update.win32_1.5.0.202011040924/tools/bin/../lib/gcc/arm-none-eabi/7.3.1/thumb/v8-m.main/fpv5-sp/hard\libgcc.a(_udivmoddi4.o)
                0x0000000008000268                __udivmoddi4
 .text          0x0000000008000548        0x4 c:/st/stm32cubeide_1.5.1/stm32cubeide/plugins/com.st.stm32cube.ide.mcu.externaltools.gnu-tools-for-stm32.7-2018-q2-update.win32_1.5.0.202011040924/tools/bin/../lib/gcc/arm-none-eabi/7.3.1/thumb/v8-m.main/fpv5-sp/hard\libgcc.a(_dvmd_tls.o)
                0x0000000008000548                __aeabi_idiv0
                0x0000000008000548                __aeabi_ldiv0
 *(.text*)
 .text.Reset_Handler
                0x000000000800054c       0x50 Application/Startup/startup_stm32l552zetx.o
                0x000000000800054c                Reset_Handler
 .text.Default_Handler
                0x000000000800059c        0x2 Application/Startup/startup_stm32l552zetx.o
                0x000000000800059c                EXTI2_IRQHandler
                0x000000000800059c                TIM8_TRG_COM_IRQHandler
                0x000000000800059c                TIM8_CC_IRQHandler
                0x000000000800059c                EXTI5_IRQHandler
                0x000000000800059c                FLASH_S_IRQHandler
                0x000000000800059c                TIM1_CC_IRQHandler
                0x000000000800059c                TSC_IRQHandler
                0x000000000800059c                TAMP_IRQHandler
                0x000000000800059c                TIM6_IRQHandler
                0x000000000800059c                EXTI12_IRQHandler
                0x000000000800059c                DMA2_Channel8_IRQHandler
                0x000000000800059c                EXTI3_IRQHandler
                0x000000000800059c                EXTI8_IRQHandler
                0x000000000800059c                LPTIM2_IRQHandler
                0x000000000800059c                DFSDM1_FLT1_IRQHandler
                0x000000000800059c                USB_FS_IRQHandler
                0x000000000800059c                I2C3_ER_IRQHandler
                0x000000000800059c                DFSDM1_FLT2_IRQHandler
                0x000000000800059c                DMAMUX1_IRQHandler
                0x000000000800059c                LPTIM3_IRQHandler
                0x000000000800059c                EXTI0_IRQHandler
                0x000000000800059c                I2C2_EV_IRQHandler
                0x000000000800059c                FPU_IRQHandler
                0x000000000800059c                FDCAN1_IT1_IRQHandler
                0x000000000800059c                ADC1_2_IRQHandler
                0x000000000800059c                SPI1_IRQHandler
                0x000000000800059c                OCTOSPI1_IRQHandler
                0x000000000800059c                TIM8_UP_IRQHandler
                0x000000000800059c                RCC_S_IRQHandler
                0x000000000800059c                DMA2_Channel2_IRQHandler
                0x000000000800059c                DMA1_Channel4_IRQHandler
                0x000000000800059c                SAI2_IRQHandler
                0x000000000800059c                DFSDM1_FLT3_IRQHandler
                0x000000000800059c                EXTI15_IRQHandler
                0x000000000800059c                TIM17_IRQHandler
                0x000000000800059c                USART3_IRQHandler
                0x000000000800059c                RTC_IRQHandler
                0x000000000800059c                EXTI9_IRQHandler
                0x000000000800059c                DMA1_Channel7_IRQHandler
                0x000000000800059c                UART5_IRQHandler
                0x000000000800059c                TIM4_IRQHandler
                0x000000000800059c                DMA2_Channel1_IRQHandler
                0x000000000800059c                I2C1_EV_IRQHandler
                0x000000000800059c                DMA1_Channel6_IRQHandler
                0x000000000800059c                TIM16_IRQHandler
                0x000000000800059c                UART4_IRQHandler
                0x000000000800059c                DMA2_Channel4_IRQHandler
                0x000000000800059c                SecureFault_Handler
                0x000000000800059c                TIM3_IRQHandler
                0x000000000800059c                RCC_IRQHandler
                0x000000000800059c                TIM1_TRG_COM_IRQHandler
                0x000000000800059c                Default_Handler
                0x000000000800059c                DMA2_Channel7_IRQHandler
                0x000000000800059c                DMA1_Channel8_IRQHandler
                0x000000000800059c                TIM7_IRQHandler
                0x000000000800059c                SDMMC1_IRQHandler
                0x000000000800059c                TIM5_IRQHandler
                0x000000000800059c                UCPD1_IRQHandler
                0x000000000800059c                TIM15_IRQHandler
                0x000000000800059c                I2C3_EV_IRQHandler
                0x000000000800059c                PVD_PVM_IRQHandler
                0x000000000800059c                SPI2_IRQHandler
                0x000000000800059c                EXTI14_IRQHandler
                0x000000000800059c                EXTI11_IRQHandler
                0x000000000800059c                DMA2_Channel5_IRQHandler
                0x000000000800059c                CRS_IRQHandler
                0x000000000800059c                DMA1_Channel5_IRQHandler
                0x000000000800059c                EXTI4_IRQHandler
                0x000000000800059c                RTC_S_IRQHandler
                0x000000000800059c                RNG_IRQHandler
                0x000000000800059c                DMAMUX1_S_IRQHandler
                0x000000000800059c                DMA1_Channel3_IRQHandler
                0x000000000800059c                COMP_IRQHandler
                0x000000000800059c                TIM1_UP_IRQHandler
                0x000000000800059c                WWDG_IRQHandler
                0x000000000800059c                I2C4_EV_IRQHandler
                0x000000000800059c                DMA2_Channel6_IRQHandler
                0x000000000800059c                FDCAN1_IT0_IRQHandler
                0x000000000800059c                TIM2_IRQHandler
                0x000000000800059c                TAMP_S_IRQHandler
                0x000000000800059c                EXTI7_IRQHandler
                0x000000000800059c                TIM1_BRK_IRQHandler
                0x000000000800059c                DAC_IRQHandler
                0x000000000800059c                EXTI1_IRQHandler
                0x000000000800059c                GTZC_IRQHandler
                0x000000000800059c                USART2_IRQHandler
                0x000000000800059c                DFSDM1_FLT0_IRQHandler
                0x000000000800059c                I2C2_ER_IRQHandler
                0x000000000800059c                DMA1_Channel2_IRQHandler
                0x000000000800059c                TIM8_BRK_IRQHandler
                0x000000000800059c                FLASH_IRQHandler
                0x000000000800059c                USART1_IRQHandler
                0x000000000800059c                EXTI10_IRQHandler
                0x000000000800059c                SPI3_IRQHandler
                0x000000000800059c                I2C1_ER_IRQHandler
                0x000000000800059c                FMC_IRQHandler
                0x000000000800059c                EXTI6_IRQHandler
                0x000000000800059c                LPTIM1_IRQHandler
                0x000000000800059c                I2C4_ER_IRQHandler
                0x000000000800059c                ICACHE_IRQHandler
                0x000000000800059c                SAI1_IRQHandler
                0x000000000800059c                HASH_IRQHandler
                0x000000000800059c                DMA2_Channel3_IRQHandler
 *fill*         0x000000000800059e        0x2 
 .text._ZN9AesHandle7encryptEPKhPh
                0x00000000080005a0       0x8c Application/User/aes_process.o
                0x00000000080005a0                AesHandle::encrypt(unsigned char const*, unsigned char*)
 .text._ZN9AesHandle7decryptEPKhPh
                0x000000000800062c       0x8c Application/User/aes_process.o
                0x000000000800062c                AesHandle::decrypt(unsigned char const*, unsigned char*)
 .text.main     0x00000000080006b8       0xac Application/User/main.o
                0x00000000080006b8                main
 .text._Z18SystemClock_Configv
                0x0000000008000764       0xbe Application/User/main.o
                0x0000000008000764                SystemClock_Config()
 .text._ZL14MX_ICACHE_Initv
                0x0000000008000822       0x3a Application/User/main.o
 .text._ZL20MX_LPUART1_UART_Initv
                0x000000000800085c       0xc0 Application/User/main.o
 .text._ZL11MX_DMA_Initv
                0x000000000800091c       0x54 Application/User/main.o
 .text._ZL12MX_GPIO_Initv
                0x0000000008000970       0x30 Application/User/main.o
 .text._ZL24EXTI13_IRQHandler_Configv
                0x00000000080009a0       0x5c Application/User/main.o
 .text.HAL_GPIO_EXTI_Falling_Callback
                0x00000000080009fc       0x2c Application/User/main.o
                0x00000000080009fc                HAL_GPIO_EXTI_Falling_Callback
 .text._Z9PrintInfoP20__UART_HandleTypeDefPht
                0x0000000008000a28       0x36 Application/User/main.o
                0x0000000008000a28                PrintInfo(__UART_HandleTypeDef*, unsigned char*, unsigned short)
 *fill*         0x0000000008000a5e        0x2 
 .text._Z14StartReceptionv
                0x0000000008000a60       0x3c Application/User/main.o
                0x0000000008000a60                StartReception()
 .text._Z12SendUserDataP20__UART_HandleTypeDefPhh
                0x0000000008000a9c       0x54 Application/User/main.o
                0x0000000008000a9c                SendUserData(__UART_HandleTypeDef*, unsigned char*, unsigned char)
 .text.HAL_UARTEx_RxEventCallback
                0x0000000008000af0      0x114 Application/User/main.o
                0x0000000008000af0                HAL_UARTEx_RxEventCallback
 .text.Error_Handler
                0x0000000008000c04        0xc Application/User/main.o
                0x0000000008000c04                Error_Handler
 .text._ZN10RingBufferIhLt16EEC2Ev
                0x0000000008000c10       0x3c Application/User/main.o
                0x0000000008000c10                RingBuffer<unsigned char, (unsigned short)16>::RingBuffer()
                0x0000000008000c10                RingBuffer<unsigned char, (unsigned short)16>::RingBuffer()
 .text._ZNK10RingBufferIhLt16EE7isEmptyEv
                0x0000000008000c4c       0x34 Application/User/main.o
                0x0000000008000c4c                RingBuffer<unsigned char, (unsigned short)16>::isEmpty() const
 .text._ZN10RingBufferIhLt16EE3getEv
                0x0000000008000c80       0x4e Application/User/main.o
                0x0000000008000c80                RingBuffer<unsigned char, (unsigned short)16>::get()
 .text._ZN10RingBufferIhLt16EE3putEh
                0x0000000008000cce       0x72 Application/User/main.o
                0x0000000008000cce                RingBuffer<unsigned char, (unsigned short)16>::put(unsigned char)
 .text._ZNK10RingBufferIhLt16EE6isFullEv
                0x0000000008000d40       0x18 Application/User/main.o
                0x0000000008000d40                RingBuffer<unsigned char, (unsigned short)16>::isFull() const
 .text._Z41__static_initialization_and_destruction_0ii
                0x0000000008000d58       0x2c Application/User/main.o
 .text._GLOBAL__sub_I_hlpuart1
                0x0000000008000d84       0x10 Application/User/main.o
 .text.HAL_MspInit
                0x0000000008000d94       0x48 Application/User/stm32l5xx_hal_msp.o
                0x0000000008000d94                HAL_MspInit
 .text.HAL_UART_MspInit
                0x0000000008000ddc      0x13c Application/User/stm32l5xx_hal_msp.o
                0x0000000008000ddc                HAL_UART_MspInit
 .text.NMI_Handler
                0x0000000008000f18        0xe Application/User/stm32l5xx_it.o
                0x0000000008000f18                NMI_Handler
 .text.HardFault_Handler
                0x0000000008000f26        0x6 Application/User/stm32l5xx_it.o
                0x0000000008000f26                HardFault_Handler
 .text.MemManage_Handler
                0x0000000008000f2c        0x6 Application/User/stm32l5xx_it.o
                0x0000000008000f2c                MemManage_Handler
 .text.BusFault_Handler
                0x0000000008000f32        0x6 Application/User/stm32l5xx_it.o
                0x0000000008000f32                BusFault_Handler
 .text.UsageFault_Handler
                0x0000000008000f38        0x6 Application/User/stm32l5xx_it.o
                0x0000000008000f38                UsageFault_Handler
 .text.SVC_Handler
                0x0000000008000f3e        0xe Application/User/stm32l5xx_it.o
                0x0000000008000f3e                SVC_Handler
 .text.DebugMon_Handler
                0x0000000008000f4c        0xe Application/User/stm32l5xx_it.o
                0x0000000008000f4c                DebugMon_Handler
 .text.PendSV_Handler
                0x0000000008000f5a        0xe Application/User/stm32l5xx_it.o
                0x0000000008000f5a                PendSV_Handler
 .text.SysTick_Handler
                0x0000000008000f68        0xc Application/User/stm32l5xx_it.o
                0x0000000008000f68                SysTick_Handler
 .text.DMA1_Channel1_IRQHandler
                0x0000000008000f74       0x14 Application/User/stm32l5xx_it.o
                0x0000000008000f74                DMA1_Channel1_IRQHandler
 .text.LPUART1_IRQHandler
                0x0000000008000f88       0x14 Application/User/stm32l5xx_it.o
                0x0000000008000f88                LPUART1_IRQHandler
 .text.EXTI13_IRQHandler
                0x0000000008000f9c       0x10 Application/User/stm32l5xx_it.o
                0x0000000008000f9c                EXTI13_IRQHandler
 .text.BSP_LED_Init
                0x0000000008000fac       0xbc Drivers/BSP/STM32L5xx_Nucleo/stm32l5xx_nucleo.o
                0x0000000008000fac                BSP_LED_Init
 .text.BSP_LED_On
                0x0000000008001068       0x34 Drivers/BSP/STM32L5xx_Nucleo/stm32l5xx_nucleo.o
                0x0000000008001068                BSP_LED_On
 .text.BSP_LED_Toggle
                0x000000000800109c       0x34 Drivers/BSP/STM32L5xx_Nucleo/stm32l5xx_nucleo.o
                0x000000000800109c                BSP_LED_Toggle
 .text.SystemInit
                0x00000000080010d0       0x24 Drivers/CMSIS/system_stm32l5xx.o
                0x00000000080010d0                SystemInit
 .text.SystemCoreClockUpdate
                0x00000000080010f4      0x158 Drivers/CMSIS/system_stm32l5xx.o
                0x00000000080010f4                SystemCoreClockUpdate
 .text.HAL_Init
                0x000000000800124c       0x34 Drivers/STM32L5xx_HAL_Driver/stm32l5xx_hal.o
                0x000000000800124c                HAL_Init
 .text.HAL_InitTick
                0x0000000008001280       0x78 Drivers/STM32L5xx_HAL_Driver/stm32l5xx_hal.o
                0x0000000008001280                HAL_InitTick
 .text.HAL_IncTick
                0x00000000080012f8       0x28 Drivers/STM32L5xx_HAL_Driver/stm32l5xx_hal.o
                0x00000000080012f8                HAL_IncTick
 .text.HAL_GetTick
                0x0000000008001320       0x18 Drivers/STM32L5xx_HAL_Driver/stm32l5xx_hal.o
                0x0000000008001320                HAL_GetTick
 .text.__NVIC_SetPriorityGrouping
                0x0000000008001338       0x48 Drivers/STM32L5xx_HAL_Driver/stm32l5xx_hal_cortex.o
 .text.__NVIC_GetPriorityGrouping
                0x0000000008001380       0x1c Drivers/STM32L5xx_HAL_Driver/stm32l5xx_hal_cortex.o
 .text.__NVIC_EnableIRQ
                0x000000000800139c       0x3c Drivers/STM32L5xx_HAL_Driver/stm32l5xx_hal_cortex.o
 .text.__NVIC_SetPriority
                0x00000000080013d8       0x54 Drivers/STM32L5xx_HAL_Driver/stm32l5xx_hal_cortex.o
 .text.NVIC_EncodePriority
                0x000000000800142c       0x66 Drivers/STM32L5xx_HAL_Driver/stm32l5xx_hal_cortex.o
 *fill*         0x0000000008001492        0x2 
 .text.SysTick_Config
                0x0000000008001494       0x44 Drivers/STM32L5xx_HAL_Driver/stm32l5xx_hal_cortex.o
 .text.HAL_NVIC_SetPriorityGrouping
                0x00000000080014d8       0x16 Drivers/STM32L5xx_HAL_Driver/stm32l5xx_hal_cortex.o
                0x00000000080014d8                HAL_NVIC_SetPriorityGrouping
 .text.HAL_NVIC_SetPriority
                0x00000000080014ee       0x34 Drivers/STM32L5xx_HAL_Driver/stm32l5xx_hal_cortex.o
                0x00000000080014ee                HAL_NVIC_SetPriority
 .text.HAL_NVIC_EnableIRQ
                0x0000000008001522       0x1c Drivers/STM32L5xx_HAL_Driver/stm32l5xx_hal_cortex.o
                0x0000000008001522                HAL_NVIC_EnableIRQ
 .text.HAL_SYSTICK_Config
                0x000000000800153e       0x18 Drivers/STM32L5xx_HAL_Driver/stm32l5xx_hal_cortex.o
                0x000000000800153e                HAL_SYSTICK_Config
 *fill*         0x0000000008001556        0x2 
 .text.HAL_DMA_Init
                0x0000000008001558      0x150 Drivers/STM32L5xx_HAL_Driver/stm32l5xx_hal_dma.o
                0x0000000008001558                HAL_DMA_Init
 .text.HAL_DMA_Start_IT
                0x00000000080016a8       0xf6 Drivers/STM32L5xx_HAL_Driver/stm32l5xx_hal_dma.o
                0x00000000080016a8                HAL_DMA_Start_IT
 .text.HAL_DMA_Abort
                0x000000000800179e       0xb8 Drivers/STM32L5xx_HAL_Driver/stm32l5xx_hal_dma.o
                0x000000000800179e                HAL_DMA_Abort
 .text.HAL_DMA_Abort_IT
                0x0000000008001856       0xbe Drivers/STM32L5xx_HAL_Driver/stm32l5xx_hal_dma.o
                0x0000000008001856                HAL_DMA_Abort_IT
 .text.HAL_DMA_IRQHandler
                0x0000000008001914      0x200 Drivers/STM32L5xx_HAL_Driver/stm32l5xx_hal_dma.o
                0x0000000008001914                HAL_DMA_IRQHandler
 .text.HAL_DMA_ConfigChannelAttributes
                0x0000000008001b14       0x60 Drivers/STM32L5xx_HAL_Driver/stm32l5xx_hal_dma.o
                0x0000000008001b14                HAL_DMA_ConfigChannelAttributes
 .text.DMA_SetConfig
                0x0000000008001b74       0x7c Drivers/STM32L5xx_HAL_Driver/stm32l5xx_hal_dma.o
 .text.DMA_CalcDMAMUXChannelBaseAndMask
                0x0000000008001bf0       0x7c Drivers/STM32L5xx_HAL_Driver/stm32l5xx_hal_dma.o
 .text.DMA_CalcDMAMUXRequestGenBaseAndMask
                0x0000000008001c6c       0x48 Drivers/STM32L5xx_HAL_Driver/stm32l5xx_hal_dma.o
 .text.HAL_GPIO_Init
                0x0000000008001cb4      0x300 Drivers/STM32L5xx_HAL_Driver/stm32l5xx_hal_gpio.o
                0x0000000008001cb4                HAL_GPIO_Init
 .text.HAL_GPIO_WritePin
                0x0000000008001fb4       0x30 Drivers/STM32L5xx_HAL_Driver/stm32l5xx_hal_gpio.o
                0x0000000008001fb4                HAL_GPIO_WritePin
 .text.HAL_GPIO_TogglePin
                0x0000000008001fe4       0x34 Drivers/STM32L5xx_HAL_Driver/stm32l5xx_hal_gpio.o
                0x0000000008001fe4                HAL_GPIO_TogglePin
 .text.HAL_GPIO_EXTI_IRQHandler
                0x0000000008002018       0x4c Drivers/STM32L5xx_HAL_Driver/stm32l5xx_hal_gpio.o
                0x0000000008002018                HAL_GPIO_EXTI_IRQHandler
 .text.HAL_GPIO_EXTI_Rising_Callback
                0x0000000008002064       0x16 Drivers/STM32L5xx_HAL_Driver/stm32l5xx_hal_gpio.o
                0x0000000008002064                HAL_GPIO_EXTI_Rising_Callback
 *fill*         0x000000000800207a        0x2 
 .text.HAL_ICACHE_ConfigAssociativityMode
                0x000000000800207c       0x40 Drivers/STM32L5xx_HAL_Driver/stm32l5xx_hal_icache.o
                0x000000000800207c                HAL_ICACHE_ConfigAssociativityMode
 .text.HAL_ICACHE_Enable
                0x00000000080020bc       0x20 Drivers/STM32L5xx_HAL_Driver/stm32l5xx_hal_icache.o
                0x00000000080020bc                HAL_ICACHE_Enable
 .text.HAL_PWREx_GetVoltageRange
                0x00000000080020dc       0x1c Drivers/STM32L5xx_HAL_Driver/stm32l5xx_hal_pwr_ex.o
                0x00000000080020dc                HAL_PWREx_GetVoltageRange
 .text.HAL_PWREx_ControlVoltageScaling
                0x00000000080020f8       0xb8 Drivers/STM32L5xx_HAL_Driver/stm32l5xx_hal_pwr_ex.o
                0x00000000080020f8                HAL_PWREx_ControlVoltageScaling
 .text.HAL_PWREx_EnableVddIO2
                0x00000000080021b0       0x20 Drivers/STM32L5xx_HAL_Driver/stm32l5xx_hal_pwr_ex.o
                0x00000000080021b0                HAL_PWREx_EnableVddIO2
 .text.HAL_PWREx_DisableUCPDDeadBattery
                0x00000000080021d0       0x20 Drivers/STM32L5xx_HAL_Driver/stm32l5xx_hal_pwr_ex.o
                0x00000000080021d0                HAL_PWREx_DisableUCPDDeadBattery
 .text.HAL_PWREx_SMPS_GetEffectiveMode
                0x00000000080021f0       0x48 Drivers/STM32L5xx_HAL_Driver/stm32l5xx_hal_pwr_ex.o
                0x00000000080021f0                HAL_PWREx_SMPS_GetEffectiveMode
 .text.HAL_RCC_OscConfig
                0x0000000008002238      0x8c4 Drivers/STM32L5xx_HAL_Driver/stm32l5xx_hal_rcc.o
                0x0000000008002238                HAL_RCC_OscConfig
 .text.HAL_RCC_ClockConfig
                0x0000000008002afc      0x240 Drivers/STM32L5xx_HAL_Driver/stm32l5xx_hal_rcc.o
                0x0000000008002afc                HAL_RCC_ClockConfig
 .text.HAL_RCC_GetSysClockFreq
                0x0000000008002d3c      0x134 Drivers/STM32L5xx_HAL_Driver/stm32l5xx_hal_rcc.o
                0x0000000008002d3c                HAL_RCC_GetSysClockFreq
 .text.HAL_RCC_GetHCLKFreq
                0x0000000008002e70       0x28 Drivers/STM32L5xx_HAL_Driver/stm32l5xx_hal_rcc.o
                0x0000000008002e70                HAL_RCC_GetHCLKFreq
 .text.HAL_RCC_GetPCLK1Freq
                0x0000000008002e98       0x28 Drivers/STM32L5xx_HAL_Driver/stm32l5xx_hal_rcc.o
                0x0000000008002e98                HAL_RCC_GetPCLK1Freq
 .text.HAL_RCC_GetPCLK2Freq
                0x0000000008002ec0       0x28 Drivers/STM32L5xx_HAL_Driver/stm32l5xx_hal_rcc.o
                0x0000000008002ec0                HAL_RCC_GetPCLK2Freq
 .text.RCC_SetFlashLatencyFromMSIRange
                0x0000000008002ee8       0xc8 Drivers/STM32L5xx_HAL_Driver/stm32l5xx_hal_rcc.o
 .text.RCC_GetSysClockFreqFromPLLSource
                0x0000000008002fb0       0xf0 Drivers/STM32L5xx_HAL_Driver/stm32l5xx_hal_rcc.o
 .text.HAL_RCCEx_PeriphCLKConfig
                0x00000000080030a0      0x6d4 Drivers/STM32L5xx_HAL_Driver/stm32l5xx_hal_rcc_ex.o
                0x00000000080030a0                HAL_RCCEx_PeriphCLKConfig
 .text.RCCEx_PLLSAI1_Config
                0x0000000008003774      0x1a4 Drivers/STM32L5xx_HAL_Driver/stm32l5xx_hal_rcc_ex.o
 .text.RCCEx_PLLSAI2_Config
                0x0000000008003918      0x130 Drivers/STM32L5xx_HAL_Driver/stm32l5xx_hal_rcc_ex.o
 .text.HAL_UART_Init
                0x0000000008003a48       0xa0 Drivers/STM32L5xx_HAL_Driver/stm32l5xx_hal_uart.o
                0x0000000008003a48                HAL_UART_Init
 .text.HAL_UART_Transmit
                0x0000000008003ae8      0x12c Drivers/STM32L5xx_HAL_Driver/stm32l5xx_hal_uart.o
                0x0000000008003ae8                HAL_UART_Transmit
 .text.HAL_UART_IRQHandler
                0x0000000008003c14      0x468 Drivers/STM32L5xx_HAL_Driver/stm32l5xx_hal_uart.o
                0x0000000008003c14                HAL_UART_IRQHandler
 .text.HAL_UART_TxCpltCallback
                0x000000000800407c       0x14 Drivers/STM32L5xx_HAL_Driver/stm32l5xx_hal_uart.o
                0x000000000800407c                HAL_UART_TxCpltCallback
 .text.HAL_UART_RxCpltCallback
                0x0000000008004090       0x14 Drivers/STM32L5xx_HAL_Driver/stm32l5xx_hal_uart.o
                0x0000000008004090                HAL_UART_RxCpltCallback
 .text.HAL_UART_RxHalfCpltCallback
                0x00000000080040a4       0x14 Drivers/STM32L5xx_HAL_Driver/stm32l5xx_hal_uart.o
                0x00000000080040a4                HAL_UART_RxHalfCpltCallback
 .text.HAL_UART_ErrorCallback
                0x00000000080040b8       0x14 Drivers/STM32L5xx_HAL_Driver/stm32l5xx_hal_uart.o
                0x00000000080040b8                HAL_UART_ErrorCallback
 .text.UART_SetConfig
                0x00000000080040cc      0x5ac Drivers/STM32L5xx_HAL_Driver/stm32l5xx_hal_uart.o
                0x00000000080040cc                UART_SetConfig
 .text.UART_AdvFeatureConfig
                0x0000000008004678      0x144 Drivers/STM32L5xx_HAL_Driver/stm32l5xx_hal_uart.o
                0x0000000008004678                UART_AdvFeatureConfig
 .text.UART_CheckIdleState
                0x00000000080047bc       0x96 Drivers/STM32L5xx_HAL_Driver/stm32l5xx_hal_uart.o
                0x00000000080047bc                UART_CheckIdleState
 .text.UART_WaitOnFlagUntilTimeout
                0x0000000008004852      0x100 Drivers/STM32L5xx_HAL_Driver/stm32l5xx_hal_uart.o
                0x0000000008004852                UART_WaitOnFlagUntilTimeout
 *fill*         0x0000000008004952        0x2 
 .text.UART_Start_Receive_DMA
                0x0000000008004954       0xdc Drivers/STM32L5xx_HAL_Driver/stm32l5xx_hal_uart.o
                0x0000000008004954                UART_Start_Receive_DMA
 .text.UART_EndTxTransfer
                0x0000000008004a30       0x3c Drivers/STM32L5xx_HAL_Driver/stm32l5xx_hal_uart.o
 .text.UART_EndRxTransfer
                0x0000000008004a6c       0x64 Drivers/STM32L5xx_HAL_Driver/stm32l5xx_hal_uart.o
 .text.UART_DMAReceiveCplt
                0x0000000008004ad0       0x9a Drivers/STM32L5xx_HAL_Driver/stm32l5xx_hal_uart.o
 .text.UART_DMARxHalfCplt
                0x0000000008004b6a       0x38 Drivers/STM32L5xx_HAL_Driver/stm32l5xx_hal_uart.o
 .text.UART_DMAError
                0x0000000008004ba2       0x80 Drivers/STM32L5xx_HAL_Driver/stm32l5xx_hal_uart.o
 .text.UART_DMAAbortOnError
                0x0000000008004c22       0x2c Drivers/STM32L5xx_HAL_Driver/stm32l5xx_hal_uart.o
 .text.UART_EndTransmit_IT
                0x0000000008004c4e       0x34 Drivers/STM32L5xx_HAL_Driver/stm32l5xx_hal_uart.o
 .text.HAL_UARTEx_WakeupCallback
                0x0000000008004c82       0x14 Drivers/STM32L5xx_HAL_Driver/stm32l5xx_hal_uart_ex.o
                0x0000000008004c82                HAL_UARTEx_WakeupCallback
 .text.HAL_UARTEx_RxFifoFullCallback
                0x0000000008004c96       0x14 Drivers/STM32L5xx_HAL_Driver/stm32l5xx_hal_uart_ex.o
                0x0000000008004c96                HAL_UARTEx_RxFifoFullCallback
 .text.HAL_UARTEx_TxFifoEmptyCallback
                0x0000000008004caa       0x14 Drivers/STM32L5xx_HAL_Driver/stm32l5xx_hal_uart_ex.o
                0x0000000008004caa                HAL_UARTEx_TxFifoEmptyCallback
 .text.HAL_UARTEx_DisableFifoMode
                0x0000000008004cbe       0x72 Drivers/STM32L5xx_HAL_Driver/stm32l5xx_hal_uart_ex.o
                0x0000000008004cbe                HAL_UARTEx_DisableFifoMode
 .text.HAL_UARTEx_SetTxFifoThreshold
                0x0000000008004d30       0x7c Drivers/STM32L5xx_HAL_Driver/stm32l5xx_hal_uart_ex.o
                0x0000000008004d30                HAL_UARTEx_SetTxFifoThreshold
 .text.HAL_UARTEx_SetRxFifoThreshold
                0x0000000008004dac       0x7c Drivers/STM32L5xx_HAL_Driver/stm32l5xx_hal_uart_ex.o
                0x0000000008004dac                HAL_UARTEx_SetRxFifoThreshold
 .text.HAL_UARTEx_ReceiveToIdle_DMA
                0x0000000008004e28       0x8e Drivers/STM32L5xx_HAL_Driver/stm32l5xx_hal_uart_ex.o
                0x0000000008004e28                HAL_UARTEx_ReceiveToIdle_DMA
 *fill*         0x0000000008004eb6        0x2 
 .text.UARTEx_SetNbDataToProcess
                0x0000000008004eb8       0xd0 Drivers/STM32L5xx_HAL_Driver/stm32l5xx_hal_uart_ex.o
 .text.aes_gen_tables
                0x0000000008004f88      0x414 mbedtls/library/aes.o
 .text.mbedtls_aes_init
                0x000000000800539c       0x1c mbedtls/library/aes.o
                0x000000000800539c                mbedtls_aes_init
 .text.mbedtls_aes_free
                0x00000000080053b8       0x22 mbedtls/library/aes.o
                0x00000000080053b8                mbedtls_aes_free
 *fill*         0x00000000080053da        0x2 
 .text.mbedtls_aes_setkey_enc
                0x00000000080053dc      0x3ac mbedtls/library/aes.o
                0x00000000080053dc                mbedtls_aes_setkey_enc
 .text.mbedtls_aes_setkey_dec
                0x0000000008005788      0x22c mbedtls/library/aes.o
                0x0000000008005788                mbedtls_aes_setkey_dec
 .text.mbedtls_internal_aes_encrypt
                0x00000000080059b4      0x5d0 mbedtls/library/aes.o
                0x00000000080059b4                mbedtls_internal_aes_encrypt
 .text.mbedtls_internal_aes_decrypt
                0x0000000008005f84      0x5d0 mbedtls/library/aes.o
                0x0000000008005f84                mbedtls_internal_aes_decrypt
 .text.mbedtls_aes_crypt_ecb
                0x0000000008006554       0x36 mbedtls/library/aes.o
                0x0000000008006554                mbedtls_aes_crypt_ecb
 .text.mbedtls_aes_crypt_cbc
                0x000000000800658a      0x102 mbedtls/library/aes.o
                0x000000000800658a                mbedtls_aes_crypt_cbc
 .text.mbedtls_platform_zeroize
                0x000000000800668c       0x28 mbedtls/library/platform_util.o
                0x000000000800668c                mbedtls_platform_zeroize
 .text.__libc_init_array
                0x00000000080066b4       0x48 c:/st/stm32cubeide_1.5.1/stm32cubeide/plugins/com.st.stm32cube.ide.mcu.externaltools.gnu-tools-for-stm32.7-2018-q2-update.win32_1.5.0.202011040924/tools/bin/../lib/gcc/arm-none-eabi/7.3.1/../../../../arm-none-eabi/lib/thumb/v8-m.main/fpv5-sp/hard\libc_nano.a(lib_a-init.o)
                0x00000000080066b4                __libc_init_array
 .text.memcpy   0x00000000080066fc       0x16 c:/st/stm32cubeide_1.5.1/stm32cubeide/plugins/com.st.stm32cube.ide.mcu.externaltools.gnu-tools-for-stm32.7-2018-q2-update.win32_1.5.0.202011040924/tools/bin/../lib/gcc/arm-none-eabi/7.3.1/../../../../arm-none-eabi/lib/thumb/v8-m.main/fpv5-sp/hard\libc_nano.a(lib_a-memcpy-stub.o)
                0x00000000080066fc                memcpy
 .text.memset   0x0000000008006712       0x10 c:/st/stm32cubeide_1.5.1/stm32cubeide/plugins/com.st.stm32cube.ide.mcu.externaltools.gnu-tools-for-stm32.7-2018-q2-update.win32_1.5.0.202011040924/tools/bin/../lib/gcc/arm-none-eabi/7.3.1/../../../../arm-none-eabi/lib/thumb/v8-m.main/fpv5-sp/hard\libc_nano.a(lib_a-memset.o)
                0x0000000008006712                memset
 *(.glue_7)
 .glue_7        0x0000000008006722        0x0 linker stubs
 *(.glue_7t)
 .glue_7t       0x0000000008006722        0x0 linker stubs
 *(.eh_frame)
 *fill*         0x0000000008006722        0x2 
 .eh_frame      0x0000000008006724        0x0 c:/st/stm32cubeide_1.5.1/stm32cubeide/plugins/com.st.stm32cube.ide.mcu.externaltools.gnu-tools-for-stm32.7-2018-q2-update.win32_1.5.0.202011040924/tools/bin/../lib/gcc/arm-none-eabi/7.3.1/thumb/v8-m.main/fpv5-sp/hard/crtbegin.o
 *(.init)
 .init          0x0000000008006724        0x4 c:/st/stm32cubeide_1.5.1/stm32cubeide/plugins/com.st.stm32cube.ide.mcu.externaltools.gnu-tools-for-stm32.7-2018-q2-update.win32_1.5.0.202011040924/tools/bin/../lib/gcc/arm-none-eabi/7.3.1/thumb/v8-m.main/fpv5-sp/hard/crti.o
                0x0000000008006724                _init
 .init          0x0000000008006728        0x8 c:/st/stm32cubeide_1.5.1/stm32cubeide/plugins/com.st.stm32cube.ide.mcu.externaltools.gnu-tools-for-stm32.7-2018-q2-update.win32_1.5.0.202011040924/tools/bin/../lib/gcc/arm-none-eabi/7.3.1/thumb/v8-m.main/fpv5-sp/hard/crtn.o
 *(.fini)
 .fini          0x0000000008006730        0x4 c:/st/stm32cubeide_1.5.1/stm32cubeide/plugins/com.st.stm32cube.ide.mcu.externaltools.gnu-tools-for-stm32.7-2018-q2-update.win32_1.5.0.202011040924/tools/bin/../lib/gcc/arm-none-eabi/7.3.1/thumb/v8-m.main/fpv5-sp/hard/crti.o
                0x0000000008006730                _fini
 .fini          0x0000000008006734        0x8 c:/st/stm32cubeide_1.5.1/stm32cubeide/plugins/com.st.stm32cube.ide.mcu.externaltools.gnu-tools-for-stm32.7-2018-q2-update.win32_1.5.0.202011040924/tools/bin/../lib/gcc/arm-none-eabi/7.3.1/thumb/v8-m.main/fpv5-sp/hard/crtn.o
                0x0000000008006740                . = ALIGN (0x8)
 *fill*         0x000000000800673c        0x4 
                0x0000000008006740                _etext = .

.vfp11_veneer   0x0000000008006740        0x0
 .vfp11_veneer  0x0000000008006740        0x0 linker stubs

.v4_bx          0x0000000008006740        0x0
 .v4_bx         0x0000000008006740        0x0 linker stubs

.iplt           0x0000000008006740        0x0
 .iplt          0x0000000008006740        0x0 c:/st/stm32cubeide_1.5.1/stm32cubeide/plugins/com.st.stm32cube.ide.mcu.externaltools.gnu-tools-for-stm32.7-2018-q2-update.win32_1.5.0.202011040924/tools/bin/../lib/gcc/arm-none-eabi/7.3.1/thumb/v8-m.main/fpv5-sp/hard/crtbegin.o

.rodata         0x0000000008006740       0x90
                0x0000000008006740                . = ALIGN (0x8)
 *(.rodata)
 .rodata        0x0000000008006740       0x10 Application/User/aes_process.o
 .rodata        0x0000000008006750       0x10 Drivers/STM32L5xx_HAL_Driver/stm32l5xx_hal_uart_ex.o
 *(.rodata*)
 .rodata.AHBPrescTable
                0x0000000008006760       0x10 Drivers/CMSIS/system_stm32l5xx.o
                0x0000000008006760                AHBPrescTable
 .rodata.APBPrescTable
                0x0000000008006770        0x8 Drivers/CMSIS/system_stm32l5xx.o
                0x0000000008006770                APBPrescTable
 .rodata.MSIRangeTable
                0x0000000008006778       0x40 Drivers/CMSIS/system_stm32l5xx.o
                0x0000000008006778                MSIRangeTable
 .rodata.UARTPrescTable
                0x00000000080067b8       0x18 Drivers/STM32L5xx_HAL_Driver/stm32l5xx_hal_uart.o
                0x00000000080067b8                UARTPrescTable
                0x00000000080067d0                . = ALIGN (0x8)

.ARM.extab      0x00000000080067d0        0x0
                0x00000000080067d0                . = ALIGN (0x8)
 *(.ARM.extab* .gnu.linkonce.armextab.*)
                0x00000000080067d0                . = ALIGN (0x8)

.ARM            0x00000000080067d0        0x8
                0x00000000080067d0                . = ALIGN (0x8)
                0x00000000080067d0                __exidx_start = .
 *(.ARM.exidx*)
 .ARM.exidx     0x00000000080067d0        0x8 c:/st/stm32cubeide_1.5.1/stm32cubeide/plugins/com.st.stm32cube.ide.mcu.externaltools.gnu-tools-for-stm32.7-2018-q2-update.win32_1.5.0.202011040924/tools/bin/../lib/gcc/arm-none-eabi/7.3.1/thumb/v8-m.main/fpv5-sp/hard\libgcc.a(_udivmoddi4.o)
                0x00000000080067d8                __exidx_end = .
                0x00000000080067d8                . = ALIGN (0x8)

.rel.dyn        0x00000000080067d8        0x0
 .rel.iplt      0x00000000080067d8        0x0 c:/st/stm32cubeide_1.5.1/stm32cubeide/plugins/com.st.stm32cube.ide.mcu.externaltools.gnu-tools-for-stm32.7-2018-q2-update.win32_1.5.0.202011040924/tools/bin/../lib/gcc/arm-none-eabi/7.3.1/thumb/v8-m.main/fpv5-sp/hard/crtbegin.o

.preinit_array  0x00000000080067d8        0x0
                0x00000000080067d8                . = ALIGN (0x8)
                0x00000000080067d8                PROVIDE (__preinit_array_start = .)
 *(.preinit_array*)
                0x00000000080067d8                PROVIDE (__preinit_array_end = .)
                0x00000000080067d8                . = ALIGN (0x8)

.init_array     0x00000000080067d8        0x8
                0x00000000080067d8                . = ALIGN (0x8)
                0x00000000080067d8                PROVIDE (__init_array_start = .)
 *(SORT_BY_NAME(.init_array.*))
 *(.init_array*)
 .init_array    0x00000000080067d8        0x4 c:/st/stm32cubeide_1.5.1/stm32cubeide/plugins/com.st.stm32cube.ide.mcu.externaltools.gnu-tools-for-stm32.7-2018-q2-update.win32_1.5.0.202011040924/tools/bin/../lib/gcc/arm-none-eabi/7.3.1/thumb/v8-m.main/fpv5-sp/hard/crtbegin.o
 .init_array    0x00000000080067dc        0x4 Application/User/main.o
                0x00000000080067e0                PROVIDE (__init_array_end = .)
                0x00000000080067e0                . = ALIGN (0x8)

.fini_array     0x00000000080067e0        0x8
                0x00000000080067e0                . = ALIGN (0x8)
                [!provide]                        PROVIDE (__fini_array_start = .)
 *(SORT_BY_NAME(.fini_array.*))
 *(.fini_array*)
 .fini_array    0x00000000080067e0        0x4 c:/st/stm32cubeide_1.5.1/stm32cubeide/plugins/com.st.stm32cube.ide.mcu.externaltools.gnu-tools-for-stm32.7-2018-q2-update.win32_1.5.0.202011040924/tools/bin/../lib/gcc/arm-none-eabi/7.3.1/thumb/v8-m.main/fpv5-sp/hard/crtbegin.o
                [!provide]                        PROVIDE (__fini_array_end = .)
                0x00000000080067e8                . = ALIGN (0x8)
 *fill*         0x00000000080067e4        0x4 
                0x00000000080067e8                _sidata = LOADADDR (.data)

.data           0x0000000020000000       0x88 load address 0x00000000080067e8
                0x0000000020000000                . = ALIGN (0x8)
                0x0000000020000000                _sdata = .
 *(.data)
 *(.data*)
 .data.key      0x0000000020000000       0x20 Application/User/aes_process.o
                0x0000000020000000                key
 .data.aTextInfoStart
                0x0000000020000020       0x40 Application/User/main.o
                0x0000000020000020                aTextInfoStart
 .data.LED_PIN  0x0000000020000060        0x6 Drivers/BSP/STM32L5xx_Nucleo/stm32l5xx_nucleo.o
 *fill*         0x0000000020000066        0x2 
 .data.LED_PORT
                0x0000000020000068        0xc Drivers/BSP/STM32L5xx_Nucleo/stm32l5xx_nucleo.o
 .data.SystemCoreClock
                0x0000000020000074        0x4 Drivers/CMSIS/system_stm32l5xx.o
                0x0000000020000074                SystemCoreClock
 .data.uwTickPrio
                0x0000000020000078        0x4 Drivers/STM32L5xx_HAL_Driver/stm32l5xx_hal.o
                0x0000000020000078                uwTickPrio
 .data.uwTickFreq
                0x000000002000007c        0x1 Drivers/STM32L5xx_HAL_Driver/stm32l5xx_hal.o
                0x000000002000007c                uwTickFreq
 *fill*         0x000000002000007d        0x3 
 .data.memset_func
                0x0000000020000080        0x4 mbedtls/library/platform_util.o
                0x0000000020000088                . = ALIGN (0x8)
 *fill*         0x0000000020000084        0x4 
                0x0000000020000088                _edata = .

.igot.plt       0x0000000020000088        0x0 load address 0x0000000008006870
 .igot.plt      0x0000000020000088        0x0 c:/st/stm32cubeide_1.5.1/stm32cubeide/plugins/com.st.stm32cube.ide.mcu.externaltools.gnu-tools-for-stm32.7-2018-q2-update.win32_1.5.0.202011040924/tools/bin/../lib/gcc/arm-none-eabi/7.3.1/thumb/v8-m.main/fpv5-sp/hard/crtbegin.o
                0x0000000020000088                . = ALIGN (0x8)

.bss            0x0000000020000088     0x23d8 load address 0x0000000008006870
                0x0000000020000088                _sbss = .
                0x0000000020000088                __bss_start__ = _sbss
 *(.bss)
 .bss           0x0000000020000088       0x1c c:/st/stm32cubeide_1.5.1/stm32cubeide/plugins/com.st.stm32cube.ide.mcu.externaltools.gnu-tools-for-stm32.7-2018-q2-update.win32_1.5.0.202011040924/tools/bin/../lib/gcc/arm-none-eabi/7.3.1/thumb/v8-m.main/fpv5-sp/hard/crtbegin.o
 *(.bss*)
 .bss.hlpuart1  0x00000000200000a4       0x90 Application/User/main.o
                0x00000000200000a4                hlpuart1
 .bss.hdma_lpuart1_rx
                0x0000000020000134       0x68 Application/User/main.o
                0x0000000020000134                hdma_lpuart1_rx
 .bss.aRXBufferUser
                0x000000002000019c        0xa Application/User/main.o
                0x000000002000019c                aRXBufferUser
 *fill*         0x00000000200001a6        0x2 
 .bss.UartReceiveRingBuffer
                0x00000000200001a8       0x18 Application/User/main.o
                0x00000000200001a8                UartReceiveRingBuffer
 .bss.uwNbReceivedChars
                0x00000000200001c0        0x4 Application/User/main.o
                0x00000000200001c0                uwNbReceivedChars
 .bss.UserSignal
                0x00000000200001c4        0x1 Application/User/main.o
                0x00000000200001c4                UserSignal
 *fill*         0x00000000200001c5        0x3 
 .bss.InputMessage
                0x00000000200001c8       0x20 Application/User/main.o
                0x00000000200001c8                InputMessage
 .bss.EncryptedMessage
                0x00000000200001e8       0x20 Application/User/main.o
                0x00000000200001e8                EncryptedMessage
 .bss.DecryptedMessage
                0x0000000020000208       0x20 Application/User/main.o
                0x0000000020000208                DecryptedMessage
 .bss._ZZ26HAL_UARTEx_RxEventCallbackE7old_pos
                0x0000000020000228        0x1 Application/User/main.o
 *fill*         0x0000000020000229        0x3 
 .bss.FSb       0x000000002000022c      0x100 mbedtls/library/aes.o
 .bss.FT0       0x000000002000032c      0x400 mbedtls/library/aes.o
 .bss.FT1       0x000000002000072c      0x400 mbedtls/library/aes.o
 .bss.FT2       0x0000000020000b2c      0x400 mbedtls/library/aes.o
 .bss.FT3       0x0000000020000f2c      0x400 mbedtls/library/aes.o
 .bss.RSb       0x000000002000132c      0x100 mbedtls/library/aes.o
 .bss.RT0       0x000000002000142c      0x400 mbedtls/library/aes.o
 .bss.RT1       0x000000002000182c      0x400 mbedtls/library/aes.o
 .bss.RT2       0x0000000020001c2c      0x400 mbedtls/library/aes.o
 .bss.RT3       0x000000002000202c      0x400 mbedtls/library/aes.o
 .bss.RCON      0x000000002000242c       0x28 mbedtls/library/aes.o
 .bss.aes_init_done
                0x0000000020002454        0x4 mbedtls/library/aes.o
 *(COMMON)
 COMMON         0x0000000020002458        0x4 Drivers/STM32L5xx_HAL_Driver/stm32l5xx_hal.o
                0x0000000020002458                uwTick
                0x0000000020002460                . = ALIGN (0x8)
 *fill*         0x000000002000245c        0x4 
                0x0000000020002460                _ebss = .
                0x0000000020002460                __bss_end__ = _ebss

._user_heap_stack
                0x0000000020002460      0x600 load address 0x0000000008006870
                0x0000000020002460                . = ALIGN (0x8)
                0x0000000020002460                PROVIDE (end = .)
                [!provide]                        PROVIDE (_end = .)
                0x0000000020002660                . = (. + _Min_Heap_Size)
 *fill*         0x0000000020002460      0x200 
                0x0000000020002a60                . = (. + _Min_Stack_Size)
 *fill*         0x0000000020002660      0x400 
                0x0000000020002a60                . = ALIGN (0x8)

/DISCARD/
 libc.a(*)
 libm.a(*)
 libgcc.a(*)

.ARM.attributes
                0x0000000000000000       0x36
 *(.ARM.attributes)
 .ARM.attributes
                0x0000000000000000       0x26 c:/st/stm32cubeide_1.5.1/stm32cubeide/plugins/com.st.stm32cube.ide.mcu.externaltools.gnu-tools-for-stm32.7-2018-q2-update.win32_1.5.0.202011040924/tools/bin/../lib/gcc/arm-none-eabi/7.3.1/thumb/v8-m.main/fpv5-sp/hard/crti.o
 .ARM.attributes
                0x0000000000000026       0x38 c:/st/stm32cubeide_1.5.1/stm32cubeide/plugins/com.st.stm32cube.ide.mcu.externaltools.gnu-tools-for-stm32.7-2018-q2-update.win32_1.5.0.202011040924/tools/bin/../lib/gcc/arm-none-eabi/7.3.1/thumb/v8-m.main/fpv5-sp/hard/crtbegin.o
 .ARM.attributes
                0x000000000000005e       0x24 Application/Startup/startup_stm32l552zetx.o
 .ARM.attributes
                0x0000000000000082       0x3c Application/User/aes_process.o
 .ARM.attributes
                0x00000000000000be       0x3c Application/User/main.o
 .ARM.attributes
                0x00000000000000fa       0x3c Application/User/stm32l5xx_hal_msp.o
 .ARM.attributes
                0x0000000000000136       0x3c Application/User/stm32l5xx_it.o
 .ARM.attributes
                0x0000000000000172       0x3c Drivers/BSP/STM32L5xx_Nucleo/stm32l5xx_nucleo.o
 .ARM.attributes
                0x00000000000001ae       0x3c Drivers/CMSIS/system_stm32l5xx.o
 .ARM.attributes
                0x00000000000001ea       0x3c Drivers/STM32L5xx_HAL_Driver/stm32l5xx_hal.o
 .ARM.attributes
                0x0000000000000226       0x3c Drivers/STM32L5xx_HAL_Driver/stm32l5xx_hal_cortex.o
 .ARM.attributes
                0x0000000000000262       0x3c Drivers/STM32L5xx_HAL_Driver/stm32l5xx_hal_dma.o
 .ARM.attributes
                0x000000000000029e       0x3c Drivers/STM32L5xx_HAL_Driver/stm32l5xx_hal_gpio.o
 .ARM.attributes
                0x00000000000002da       0x3c Drivers/STM32L5xx_HAL_Driver/stm32l5xx_hal_icache.o
 .ARM.attributes
                0x0000000000000316       0x3c Drivers/STM32L5xx_HAL_Driver/stm32l5xx_hal_pwr_ex.o
 .ARM.attributes
                0x0000000000000352       0x3c Drivers/STM32L5xx_HAL_Driver/stm32l5xx_hal_rcc.o
 .ARM.attributes
                0x000000000000038e       0x3c Drivers/STM32L5xx_HAL_Driver/stm32l5xx_hal_rcc_ex.o
 .ARM.attributes
                0x00000000000003ca       0x3c Drivers/STM32L5xx_HAL_Driver/stm32l5xx_hal_uart.o
 .ARM.attributes
                0x0000000000000406       0x3c Drivers/STM32L5xx_HAL_Driver/stm32l5xx_hal_uart_ex.o
 .ARM.attributes
                0x0000000000000442       0x3c mbedtls/library/aes.o
 .ARM.attributes
                0x000000000000047e       0x3c mbedtls/library/platform_util.o
 .ARM.attributes
                0x00000000000004ba       0x38 c:/st/stm32cubeide_1.5.1/stm32cubeide/plugins/com.st.stm32cube.ide.mcu.externaltools.gnu-tools-for-stm32.7-2018-q2-update.win32_1.5.0.202011040924/tools/bin/../lib/gcc/arm-none-eabi/7.3.1/../../../../arm-none-eabi/lib/thumb/v8-m.main/fpv5-sp/hard\libc_nano.a(lib_a-init.o)
 .ARM.attributes
                0x00000000000004f2       0x38 c:/st/stm32cubeide_1.5.1/stm32cubeide/plugins/com.st.stm32cube.ide.mcu.externaltools.gnu-tools-for-stm32.7-2018-q2-update.win32_1.5.0.202011040924/tools/bin/../lib/gcc/arm-none-eabi/7.3.1/../../../../arm-none-eabi/lib/thumb/v8-m.main/fpv5-sp/hard\libc_nano.a(lib_a-memcpy-stub.o)
 .ARM.attributes
                0x000000000000052a       0x38 c:/st/stm32cubeide_1.5.1/stm32cubeide/plugins/com.st.stm32cube.ide.mcu.externaltools.gnu-tools-for-stm32.7-2018-q2-update.win32_1.5.0.202011040924/tools/bin/../lib/gcc/arm-none-eabi/7.3.1/../../../../arm-none-eabi/lib/thumb/v8-m.main/fpv5-sp/hard\libc_nano.a(lib_a-memset.o)
 .ARM.attributes
                0x0000000000000562       0x26 c:/st/stm32cubeide_1.5.1/stm32cubeide/plugins/com.st.stm32cube.ide.mcu.externaltools.gnu-tools-for-stm32.7-2018-q2-update.win32_1.5.0.202011040924/tools/bin/../lib/gcc/arm-none-eabi/7.3.1/thumb/v8-m.main/fpv5-sp/hard\libgcc.a(_aeabi_uldivmod.o)
 .ARM.attributes
                0x0000000000000588       0x38 c:/st/stm32cubeide_1.5.1/stm32cubeide/plugins/com.st.stm32cube.ide.mcu.externaltools.gnu-tools-for-stm32.7-2018-q2-update.win32_1.5.0.202011040924/tools/bin/../lib/gcc/arm-none-eabi/7.3.1/thumb/v8-m.main/fpv5-sp/hard\libgcc.a(_udivmoddi4.o)
 .ARM.attributes
                0x00000000000005c0       0x26 c:/st/stm32cubeide_1.5.1/stm32cubeide/plugins/com.st.stm32cube.ide.mcu.externaltools.gnu-tools-for-stm32.7-2018-q2-update.win32_1.5.0.202011040924/tools/bin/../lib/gcc/arm-none-eabi/7.3.1/thumb/v8-m.main/fpv5-sp/hard\libgcc.a(_dvmd_tls.o)
 .ARM.attributes
                0x00000000000005e6       0x26 c:/st/stm32cubeide_1.5.1/stm32cubeide/plugins/com.st.stm32cube.ide.mcu.externaltools.gnu-tools-for-stm32.7-2018-q2-update.win32_1.5.0.202011040924/tools/bin/../lib/gcc/arm-none-eabi/7.3.1/thumb/v8-m.main/fpv5-sp/hard/crtn.o
OUTPUT(AES_UART_ReceptionToIdle_CircularDMA.elf elf32-littlearm)

.debug_line     0x0000000000000000     0xc707
 .debug_line    0x0000000000000000       0x8e Application/Startup/startup_stm32l552zetx.o
 .debug_line    0x000000000000008e      0x65a Application/User/aes_process.o
 .debug_line    0x00000000000006e8      0xef9 Application/User/main.o
 .debug_line    0x00000000000015e1      0x874 Application/User/stm32l5xx_hal_msp.o
 .debug_line    0x0000000000001e55      0x906 Application/User/stm32l5xx_it.o
 .debug_line    0x000000000000275b      0x8e4 Drivers/BSP/STM32L5xx_Nucleo/stm32l5xx_nucleo.o
 .debug_line    0x000000000000303f      0x7cf Drivers/CMSIS/system_stm32l5xx.o
 .debug_line    0x000000000000380e      0xa0e Drivers/STM32L5xx_HAL_Driver/stm32l5xx_hal.o
 .debug_line    0x000000000000421c      0xa19 Drivers/STM32L5xx_HAL_Driver/stm32l5xx_hal_cortex.o
 .debug_line    0x0000000000004c35      0xa72 Drivers/STM32L5xx_HAL_Driver/stm32l5xx_hal_dma.o
 .debug_line    0x00000000000056a7      0x92f Drivers/STM32L5xx_HAL_Driver/stm32l5xx_hal_gpio.o
 .debug_line    0x0000000000005fd6      0x8e6 Drivers/STM32L5xx_HAL_Driver/stm32l5xx_hal_icache.o
 .debug_line    0x00000000000068bc      0xc29 Drivers/STM32L5xx_HAL_Driver/stm32l5xx_hal_pwr_ex.o
 .debug_line    0x00000000000074e5      0xb04 Drivers/STM32L5xx_HAL_Driver/stm32l5xx_hal_rcc.o
 .debug_line    0x0000000000007fe9      0xf5e Drivers/STM32L5xx_HAL_Driver/stm32l5xx_hal_rcc_ex.o
 .debug_line    0x0000000000008f47     0x14f0 Drivers/STM32L5xx_HAL_Driver/stm32l5xx_hal_uart.o
 .debug_line    0x000000000000a437      0xb09 Drivers/STM32L5xx_HAL_Driver/stm32l5xx_hal_uart_ex.o
 .debug_line    0x000000000000af40     0x107a mbedtls/library/aes.o
 .debug_line    0x000000000000bfba      0x74d mbedtls/library/platform_util.o

.debug_info     0x0000000000000000    0x1044c
 .debug_info    0x0000000000000000       0x22 Application/Startup/startup_stm32l552zetx.o
 .debug_info    0x0000000000000022      0x21e Application/User/aes_process.o
 .debug_info    0x0000000000000240     0x1980 Application/User/main.o
 .debug_info    0x0000000000001bc0     0x1285 Application/User/stm32l5xx_hal_msp.o
 .debug_info    0x0000000000002e45      0x999 Application/User/stm32l5xx_it.o
 .debug_info    0x00000000000037de      0xe54 Drivers/BSP/STM32L5xx_Nucleo/stm32l5xx_nucleo.o
 .debug_info    0x0000000000004632      0x8d8 Drivers/CMSIS/system_stm32l5xx.o
 .debug_info    0x0000000000004f0a      0xdb8 Drivers/STM32L5xx_HAL_Driver/stm32l5xx_hal.o
 .debug_info    0x0000000000005cc2      0xf18 Drivers/STM32L5xx_HAL_Driver/stm32l5xx_hal_cortex.o
 .debug_info    0x0000000000006bda      0xae2 Drivers/STM32L5xx_HAL_Driver/stm32l5xx_hal_dma.o
 .debug_info    0x00000000000076bc      0x7c2 Drivers/STM32L5xx_HAL_Driver/stm32l5xx_hal_gpio.o
 .debug_info    0x0000000000007e7e      0x6b3 Drivers/STM32L5xx_HAL_Driver/stm32l5xx_hal_icache.o
 .debug_info    0x0000000000008531      0xee7 Drivers/STM32L5xx_HAL_Driver/stm32l5xx_hal_pwr_ex.o
 .debug_info    0x0000000000009418     0x1035 Drivers/STM32L5xx_HAL_Driver/stm32l5xx_hal_rcc.o
 .debug_info    0x000000000000a44d     0x122e Drivers/STM32L5xx_HAL_Driver/stm32l5xx_hal_rcc_ex.o
 .debug_info    0x000000000000b67b     0x1ca8 Drivers/STM32L5xx_HAL_Driver/stm32l5xx_hal_uart.o
 .debug_info    0x000000000000d323      0xe0f Drivers/STM32L5xx_HAL_Driver/stm32l5xx_hal_uart_ex.o
 .debug_info    0x000000000000e132     0x1917 mbedtls/library/aes.o
 .debug_info    0x000000000000fa49      0xa03 mbedtls/library/platform_util.o

.debug_abbrev   0x0000000000000000     0x26b3
 .debug_abbrev  0x0000000000000000       0x12 Application/Startup/startup_stm32l552zetx.o
 .debug_abbrev  0x0000000000000012      0x12b Application/User/aes_process.o
 .debug_abbrev  0x000000000000013d      0x4a3 Application/User/main.o
 .debug_abbrev  0x00000000000005e0      0x1b1 Application/User/stm32l5xx_hal_msp.o
 .debug_abbrev  0x0000000000000791      0x149 Application/User/stm32l5xx_it.o
 .debug_abbrev  0x00000000000008da      0x229 Drivers/BSP/STM32L5xx_Nucleo/stm32l5xx_nucleo.o
 .debug_abbrev  0x0000000000000b03      0x156 Drivers/CMSIS/system_stm32l5xx.o
 .debug_abbrev  0x0000000000000c59      0x267 Drivers/STM32L5xx_HAL_Driver/stm32l5xx_hal.o
 .debug_abbrev  0x0000000000000ec0      0x2f1 Drivers/STM32L5xx_HAL_Driver/stm32l5xx_hal_cortex.o
 .debug_abbrev  0x00000000000011b1      0x1e8 Drivers/STM32L5xx_HAL_Driver/stm32l5xx_hal_dma.o
 .debug_abbrev  0x0000000000001399      0x1b7 Drivers/STM32L5xx_HAL_Driver/stm32l5xx_hal_gpio.o
 .debug_abbrev  0x0000000000001550      0x212 Drivers/STM32L5xx_HAL_Driver/stm32l5xx_hal_icache.o
 .debug_abbrev  0x0000000000001762      0x24f Drivers/STM32L5xx_HAL_Driver/stm32l5xx_hal_pwr_ex.o
 .debug_abbrev  0x00000000000019b1      0x270 Drivers/STM32L5xx_HAL_Driver/stm32l5xx_hal_rcc.o
 .debug_abbrev  0x0000000000001c21      0x254 Drivers/STM32L5xx_HAL_Driver/stm32l5xx_hal_rcc_ex.o
 .debug_abbrev  0x0000000000001e75      0x23e Drivers/STM32L5xx_HAL_Driver/stm32l5xx_hal_uart.o
 .debug_abbrev  0x00000000000020b3      0x1e2 Drivers/STM32L5xx_HAL_Driver/stm32l5xx_hal_uart_ex.o
 .debug_abbrev  0x0000000000002295      0x23c mbedtls/library/aes.o
 .debug_abbrev  0x00000000000024d1      0x1e2 mbedtls/library/platform_util.o

.debug_aranges  0x0000000000000000      0xd98
 .debug_aranges
                0x0000000000000000       0x28 Application/Startup/startup_stm32l552zetx.o
 .debug_aranges
                0x0000000000000028       0x28 Application/User/aes_process.o
 .debug_aranges
                0x0000000000000050       0xc8 Application/User/main.o
 .debug_aranges
                0x0000000000000118       0x30 Application/User/stm32l5xx_hal_msp.o
 .debug_aranges
                0x0000000000000148       0x78 Application/User/stm32l5xx_it.o
 .debug_aranges
                0x00000000000001c0       0x90 Drivers/BSP/STM32L5xx_Nucleo/stm32l5xx_nucleo.o
 .debug_aranges
                0x0000000000000250       0x28 Drivers/CMSIS/system_stm32l5xx.o
 .debug_aranges
                0x0000000000000278      0x130 Drivers/STM32L5xx_HAL_Driver/stm32l5xx_hal.o
 .debug_aranges
                0x00000000000003a8      0x100 Drivers/STM32L5xx_HAL_Driver/stm32l5xx_hal_cortex.o
 .debug_aranges
                0x00000000000004a8       0xa0 Drivers/STM32L5xx_HAL_Driver/stm32l5xx_hal_dma.o
 .debug_aranges
                0x0000000000000548       0x60 Drivers/STM32L5xx_HAL_Driver/stm32l5xx_hal_gpio.o
 .debug_aranges
                0x00000000000005a8       0xa0 Drivers/STM32L5xx_HAL_Driver/stm32l5xx_hal_icache.o
 .debug_aranges
                0x0000000000000648      0x1b8 Drivers/STM32L5xx_HAL_Driver/stm32l5xx_hal_pwr_ex.o
 .debug_aranges
                0x0000000000000800       0xa0 Drivers/STM32L5xx_HAL_Driver/stm32l5xx_hal_rcc.o
 .debug_aranges
                0x00000000000008a0      0x118 Drivers/STM32L5xx_HAL_Driver/stm32l5xx_hal_rcc_ex.o
 .debug_aranges
                0x00000000000009b8      0x248 Drivers/STM32L5xx_HAL_Driver/stm32l5xx_hal_uart.o
 .debug_aranges
                0x0000000000000c00       0xa0 Drivers/STM32L5xx_HAL_Driver/stm32l5xx_hal_uart_ex.o
 .debug_aranges
                0x0000000000000ca0       0xd0 mbedtls/library/aes.o
 .debug_aranges
                0x0000000000000d70       0x28 mbedtls/library/platform_util.o

.debug_str      0x0000000000000000   0x1033dd
 .debug_str     0x0000000000000000       0xc8 Application/Startup/startup_stm32l552zetx.o
 .debug_str     0x00000000000000c8     0x69e1 Application/User/aes_process.o
                                       0x6cbc (size before relaxing)
 .debug_str     0x0000000000006aa9    0xf4667 Application/User/main.o
                                      0xfb583 (size before relaxing)
 .debug_str     0x00000000000fb110      0x557 Application/User/stm32l5xx_hal_msp.o
                                      0xf6b06 (size before relaxing)
 .debug_str     0x00000000000fb667      0x16b Application/User/stm32l5xx_it.o
                                      0xf6085 (size before relaxing)
 .debug_str     0x00000000000fb7d2      0x2bd Drivers/BSP/STM32L5xx_Nucleo/stm32l5xx_nucleo.o
                                      0xf64e5 (size before relaxing)
 .debug_str     0x00000000000fba8f      0x1b8 Drivers/CMSIS/system_stm32l5xx.o
                                      0xf5788 (size before relaxing)
 .debug_str     0x00000000000fbc47      0x53c Drivers/STM32L5xx_HAL_Driver/stm32l5xx_hal.o
                                      0xf61fc (size before relaxing)
 .debug_str     0x00000000000fc183      0x29a Drivers/STM32L5xx_HAL_Driver/stm32l5xx_hal_cortex.o
                                      0xf5f1c (size before relaxing)
 .debug_str     0x00000000000fc41d      0x362 Drivers/STM32L5xx_HAL_Driver/stm32l5xx_hal_dma.o
                                      0xf5abc (size before relaxing)
 .debug_str     0x00000000000fc77f      0x28a Drivers/STM32L5xx_HAL_Driver/stm32l5xx_hal_gpio.o
                                      0xf57bd (size before relaxing)
 .debug_str     0x00000000000fca09      0x328 Drivers/STM32L5xx_HAL_Driver/stm32l5xx_hal_icache.o
                                      0xf57b4 (size before relaxing)
 .debug_str     0x00000000000fcd31      0x763 Drivers/STM32L5xx_HAL_Driver/stm32l5xx_hal_pwr_ex.o
                                      0xf5ebc (size before relaxing)
 .debug_str     0x00000000000fd494      0x421 Drivers/STM32L5xx_HAL_Driver/stm32l5xx_hal_rcc.o
                                      0xf5cde (size before relaxing)
 .debug_str     0x00000000000fd8b5      0x7e5 Drivers/STM32L5xx_HAL_Driver/stm32l5xx_hal_rcc_ex.o
                                      0xf624c (size before relaxing)
 .debug_str     0x00000000000fe09a      0x97e Drivers/STM32L5xx_HAL_Driver/stm32l5xx_hal_uart.o
                                      0xf6527 (size before relaxing)
 .debug_str     0x00000000000fea18      0x30e Drivers/STM32L5xx_HAL_Driver/stm32l5xx_hal_uart_ex.o
                                      0xf5ce6 (size before relaxing)
 .debug_str     0x00000000000fed26     0x44de mbedtls/library/aes.o
                                       0xac59 (size before relaxing)
 .debug_str     0x0000000000103204      0x1d9 mbedtls/library/platform_util.o
                                       0x87c5 (size before relaxing)

.debug_ranges   0x0000000000000000      0xcd0
 .debug_ranges  0x0000000000000000       0x20 Application/Startup/startup_stm32l552zetx.o
 .debug_ranges  0x0000000000000020       0x18 Application/User/aes_process.o
 .debug_ranges  0x0000000000000038       0xb8 Application/User/main.o
 .debug_ranges  0x00000000000000f0       0x20 Application/User/stm32l5xx_hal_msp.o
 .debug_ranges  0x0000000000000110       0x68 Application/User/stm32l5xx_it.o
 .debug_ranges  0x0000000000000178       0x80 Drivers/BSP/STM32L5xx_Nucleo/stm32l5xx_nucleo.o
 .debug_ranges  0x00000000000001f8       0x18 Drivers/CMSIS/system_stm32l5xx.o
 .debug_ranges  0x0000000000000210      0x120 Drivers/STM32L5xx_HAL_Driver/stm32l5xx_hal.o
 .debug_ranges  0x0000000000000330       0xf0 Drivers/STM32L5xx_HAL_Driver/stm32l5xx_hal_cortex.o
 .debug_ranges  0x0000000000000420       0x90 Drivers/STM32L5xx_HAL_Driver/stm32l5xx_hal_dma.o
 .debug_ranges  0x00000000000004b0       0x50 Drivers/STM32L5xx_HAL_Driver/stm32l5xx_hal_gpio.o
 .debug_ranges  0x0000000000000500       0x90 Drivers/STM32L5xx_HAL_Driver/stm32l5xx_hal_icache.o
 .debug_ranges  0x0000000000000590      0x1a8 Drivers/STM32L5xx_HAL_Driver/stm32l5xx_hal_pwr_ex.o
 .debug_ranges  0x0000000000000738       0x90 Drivers/STM32L5xx_HAL_Driver/stm32l5xx_hal_rcc.o
 .debug_ranges  0x00000000000007c8      0x108 Drivers/STM32L5xx_HAL_Driver/stm32l5xx_hal_rcc_ex.o
 .debug_ranges  0x00000000000008d0      0x268 Drivers/STM32L5xx_HAL_Driver/stm32l5xx_hal_uart.o
 .debug_ranges  0x0000000000000b38       0x90 Drivers/STM32L5xx_HAL_Driver/stm32l5xx_hal_uart_ex.o
 .debug_ranges  0x0000000000000bc8       0xf0 mbedtls/library/aes.o
 .debug_ranges  0x0000000000000cb8       0x18 mbedtls/library/platform_util.o

.debug_macro    0x0000000000000000    0x2b1dc
 .debug_macro   0x0000000000000000       0xec Application/User/aes_process.o
 .debug_macro   0x00000000000000ec      0xb38 Application/User/aes_process.o
 .debug_macro   0x0000000000000c24      0x3dd Application/User/aes_process.o
 .debug_macro   0x0000000000001001       0x22 Application/User/aes_process.o
 .debug_macro   0x0000000000001023       0x40 Application/User/aes_process.o
 .debug_macro   0x0000000000001063       0x94 Application/User/aes_process.o
 .debug_macro   0x00000000000010f7       0x51 Application/User/aes_process.o
 .debug_macro   0x0000000000001148      0x17b Application/User/aes_process.o
 .debug_macro   0x00000000000012c3      0x353 Application/User/aes_process.o
 .debug_macro   0x0000000000001616       0x25 Application/User/aes_process.o
 .debug_macro   0x000000000000163b       0xee Application/User/aes_process.o
 .debug_macro   0x0000000000001729       0x12 Application/User/aes_process.o
 .debug_macro   0x000000000000173b       0x1c Application/User/aes_process.o
 .debug_macro   0x0000000000001757       0xef Application/User/aes_process.o
 .debug_macro   0x0000000000001846       0x6a Application/User/aes_process.o
 .debug_macro   0x00000000000018b0      0x1df Application/User/aes_process.o
 .debug_macro   0x0000000000001a8f       0x3c Application/User/aes_process.o
 .debug_macro   0x0000000000001acb      0x2d6 Application/User/main.o
 .debug_macro   0x0000000000001da1      0x190 Application/User/main.o
 .debug_macro   0x0000000000001f31       0x2e Application/User/main.o
 .debug_macro   0x0000000000001f5f       0x42 Application/User/main.o
 .debug_macro   0x0000000000001fa1       0x8e Application/User/main.o
 .debug_macro   0x000000000000202f       0x1c Application/User/main.o
 .debug_macro   0x000000000000204b       0x29 Application/User/main.o
 .debug_macro   0x0000000000002074      0x101 Application/User/main.o
 .debug_macro   0x0000000000002175     0x1336 Application/User/main.o
 .debug_macro   0x00000000000034ab       0x5e Application/User/main.o
 .debug_macro   0x0000000000003509    0x1ac43 Application/User/main.o
 .debug_macro   0x000000000001e14c       0x42 Application/User/main.o
 .debug_macro   0x000000000001e18e     0x34d8 Application/User/main.o
 .debug_macro   0x0000000000021666       0x5c Application/User/main.o
 .debug_macro   0x00000000000216c2     0x1948 Application/User/main.o
 .debug_macro   0x000000000002300a      0xa4b Application/User/main.o
 .debug_macro   0x0000000000023a55      0x153 Application/User/main.o
 .debug_macro   0x0000000000023ba8      0x1d9 Application/User/main.o
 .debug_macro   0x0000000000023d81      0x4e1 Application/User/main.o
 .debug_macro   0x0000000000024262      0x1ac Application/User/main.o
 .debug_macro   0x000000000002440e       0x4a Application/User/main.o
 .debug_macro   0x0000000000024458       0x51 Application/User/main.o
 .debug_macro   0x00000000000244a9      0x231 Application/User/main.o
 .debug_macro   0x00000000000246da      0x3bb Application/User/main.o
 .debug_macro   0x0000000000024a95       0x36 Application/User/main.o
 .debug_macro   0x0000000000024acb      0x11c Application/User/main.o
 .debug_macro   0x0000000000024be7      0x22c Application/User/main.o
 .debug_macro   0x0000000000024e13       0x5b Application/User/main.o
 .debug_macro   0x0000000000024e6e       0xa5 Application/User/main.o
 .debug_macro   0x0000000000024f13       0xf3 Application/User/main.o
 .debug_macro   0x0000000000025006      0x199 Application/User/main.o
 .debug_macro   0x000000000002519f      0x487 Application/User/main.o
 .debug_macro   0x0000000000025626      0x67e Application/User/main.o
 .debug_macro   0x0000000000025ca4       0xa6 Application/User/main.o
 .debug_macro   0x0000000000025d4a      0x3f1 Application/User/main.o
 .debug_macro   0x000000000002613b       0x22 Application/User/main.o
 .debug_macro   0x000000000002615d       0x52 Application/User/main.o
 .debug_macro   0x00000000000261af       0xa5 Application/User/main.o
 .debug_macro   0x0000000000026254       0x10 Application/User/main.o
 .debug_macro   0x0000000000026264      0x168 Application/User/main.o
 .debug_macro   0x00000000000263cc       0x10 Application/User/main.o
 .debug_macro   0x00000000000263dc      0x3f4 Application/User/main.o
 .debug_macro   0x00000000000267d0       0x3b Application/User/main.o
 .debug_macro   0x000000000002680b       0x46 Application/User/main.o
 .debug_macro   0x0000000000026851      0x34d Application/User/main.o
 .debug_macro   0x0000000000026b9e      0x20c Application/User/stm32l5xx_hal_msp.o
 .debug_macro   0x0000000000026daa      0xa60 Application/User/stm32l5xx_hal_msp.o
 .debug_macro   0x000000000002780a     0x1336 Application/User/stm32l5xx_hal_msp.o
 .debug_macro   0x0000000000028b40      0x174 Application/User/stm32l5xx_hal_msp.o
 .debug_macro   0x0000000000028cb4      0x216 Application/User/stm32l5xx_it.o
 .debug_macro   0x0000000000028eca      0x203 Drivers/BSP/STM32L5xx_Nucleo/stm32l5xx_nucleo.o
 .debug_macro   0x00000000000290cd       0x1c Drivers/BSP/STM32L5xx_Nucleo/stm32l5xx_nucleo.o
 .debug_macro   0x00000000000290e9      0x1dc Drivers/CMSIS/system_stm32l5xx.o
 .debug_macro   0x00000000000292c5      0x20c Drivers/STM32L5xx_HAL_Driver/stm32l5xx_hal.o
 .debug_macro   0x00000000000294d1      0x1dc Drivers/STM32L5xx_HAL_Driver/stm32l5xx_hal_cortex.o
 .debug_macro   0x00000000000296ad      0x1dc Drivers/STM32L5xx_HAL_Driver/stm32l5xx_hal_dma.o
 .debug_macro   0x0000000000029889      0x20f Drivers/STM32L5xx_HAL_Driver/stm32l5xx_hal_gpio.o
 .debug_macro   0x0000000000029a98      0x1e8 Drivers/STM32L5xx_HAL_Driver/stm32l5xx_hal_icache.o
 .debug_macro   0x0000000000029c80      0x20c Drivers/STM32L5xx_HAL_Driver/stm32l5xx_hal_pwr_ex.o
 .debug_macro   0x0000000000029e8c      0x206 Drivers/STM32L5xx_HAL_Driver/stm32l5xx_hal_rcc.o
 .debug_macro   0x000000000002a092      0x242 Drivers/STM32L5xx_HAL_Driver/stm32l5xx_hal_rcc_ex.o
 .debug_macro   0x000000000002a2d4      0x207 Drivers/STM32L5xx_HAL_Driver/stm32l5xx_hal_uart.o
 .debug_macro   0x000000000002a4db      0x1e8 Drivers/STM32L5xx_HAL_Driver/stm32l5xx_hal_uart_ex.o
 .debug_macro   0x000000000002a6c3      0x393 mbedtls/library/aes.o
 .debug_macro   0x000000000002aa56      0x118 mbedtls/library/aes.o
 .debug_macro   0x000000000002ab6e       0x10 mbedtls/library/aes.o
 .debug_macro   0x000000000002ab7e       0x20 mbedtls/library/aes.o
 .debug_macro   0x000000000002ab9e       0x16 mbedtls/library/aes.o
 .debug_macro   0x000000000002abb4       0x10 mbedtls/library/aes.o
 .debug_macro   0x000000000002abc4       0x91 mbedtls/library/aes.o
 .debug_macro   0x000000000002ac55       0x1e mbedtls/library/aes.o
 .debug_macro   0x000000000002ac73       0x10 mbedtls/library/aes.o
 .debug_macro   0x000000000002ac83       0x10 mbedtls/library/aes.o
 .debug_macro   0x000000000002ac93       0x16 mbedtls/library/aes.o
 .debug_macro   0x000000000002aca9      0x278 mbedtls/library/platform_util.o
 .debug_macro   0x000000000002af21       0x5c mbedtls/library/platform_util.o
 .debug_macro   0x000000000002af7d       0xb6 mbedtls/library/platform_util.o
 .debug_macro   0x000000000002b033       0x16 mbedtls/library/platform_util.o
 .debug_macro   0x000000000002b049       0x16 mbedtls/library/platform_util.o
 .debug_macro   0x000000000002b05f      0x129 mbedtls/library/platform_util.o
 .debug_macro   0x000000000002b188       0x22 mbedtls/library/platform_util.o
 .debug_macro   0x000000000002b1aa       0x1c mbedtls/library/platform_util.o
 .debug_macro   0x000000000002b1c6       0x16 mbedtls/library/platform_util.o

.comment        0x0000000000000000       0x7b
 .comment       0x0000000000000000       0x7b Application/User/aes_process.o
                                         0x7c (size before relaxing)
 .comment       0x000000000000007b       0x7c Application/User/main.o
 .comment       0x000000000000007b       0x7c Application/User/stm32l5xx_hal_msp.o
 .comment       0x000000000000007b       0x7c Application/User/stm32l5xx_it.o
 .comment       0x000000000000007b       0x7c Drivers/BSP/STM32L5xx_Nucleo/stm32l5xx_nucleo.o
 .comment       0x000000000000007b       0x7c Drivers/CMSIS/system_stm32l5xx.o
 .comment       0x000000000000007b       0x7c Drivers/STM32L5xx_HAL_Driver/stm32l5xx_hal.o
 .comment       0x000000000000007b       0x7c Drivers/STM32L5xx_HAL_Driver/stm32l5xx_hal_cortex.o
 .comment       0x000000000000007b       0x7c Drivers/STM32L5xx_HAL_Driver/stm32l5xx_hal_dma.o
 .comment       0x000000000000007b       0x7c Drivers/STM32L5xx_HAL_Driver/stm32l5xx_hal_gpio.o
 .comment       0x000000000000007b       0x7c Drivers/STM32L5xx_HAL_Driver/stm32l5xx_hal_icache.o
 .comment       0x000000000000007b       0x7c Drivers/STM32L5xx_HAL_Driver/stm32l5xx_hal_pwr_ex.o
 .comment       0x000000000000007b       0x7c Drivers/STM32L5xx_HAL_Driver/stm32l5xx_hal_rcc.o
 .comment       0x000000000000007b       0x7c Drivers/STM32L5xx_HAL_Driver/stm32l5xx_hal_rcc_ex.o
 .comment       0x000000000000007b       0x7c Drivers/STM32L5xx_HAL_Driver/stm32l5xx_hal_uart.o
 .comment       0x000000000000007b       0x7c Drivers/STM32L5xx_HAL_Driver/stm32l5xx_hal_uart_ex.o
 .comment       0x000000000000007b       0x7c mbedtls/library/aes.o
 .comment       0x000000000000007b       0x7c mbedtls/library/platform_util.o

.debug_frame    0x0000000000000000     0x36ec
 .debug_frame   0x0000000000000000       0x60 Application/User/aes_process.o
 .debug_frame   0x0000000000000060      0x314 Application/User/main.o
 .debug_frame   0x0000000000000374       0x80 Application/User/stm32l5xx_hal_msp.o
 .debug_frame   0x00000000000003f4      0x160 Application/User/stm32l5xx_it.o
 .debug_frame   0x0000000000000554      0x21c Drivers/BSP/STM32L5xx_Nucleo/stm32l5xx_nucleo.o
 .debug_frame   0x0000000000000770       0x58 Drivers/CMSIS/system_stm32l5xx.o
 .debug_frame   0x00000000000007c8      0x4a4 Drivers/STM32L5xx_HAL_Driver/stm32l5xx_hal.o
 .debug_frame   0x0000000000000c6c      0x428 Drivers/STM32L5xx_HAL_Driver/stm32l5xx_hal_cortex.o
 .debug_frame   0x0000000000001094      0x29c Drivers/STM32L5xx_HAL_Driver/stm32l5xx_hal_dma.o
 .debug_frame   0x0000000000001330      0x174 Drivers/STM32L5xx_HAL_Driver/stm32l5xx_hal_gpio.o
 .debug_frame   0x00000000000014a4      0x280 Drivers/STM32L5xx_HAL_Driver/stm32l5xx_hal_icache.o
 .debug_frame   0x0000000000001724      0x6fc Drivers/STM32L5xx_HAL_Driver/stm32l5xx_hal_pwr_ex.o
 .debug_frame   0x0000000000001e20      0x26c Drivers/STM32L5xx_HAL_Driver/stm32l5xx_hal_rcc.o
 .debug_frame   0x000000000000208c      0x48c Drivers/STM32L5xx_HAL_Driver/stm32l5xx_hal_rcc_ex.o
 .debug_frame   0x0000000000002518      0xa7c Drivers/STM32L5xx_HAL_Driver/stm32l5xx_hal_uart.o
 .debug_frame   0x0000000000002f94      0x29c Drivers/STM32L5xx_HAL_Driver/stm32l5xx_hal_uart_ex.o
 .debug_frame   0x0000000000003230      0x390 mbedtls/library/aes.o
 .debug_frame   0x00000000000035c0       0x58 mbedtls/library/platform_util.o
 .debug_frame   0x0000000000003618       0x2c c:/st/stm32cubeide_1.5.1/stm32cubeide/plugins/com.st.stm32cube.ide.mcu.externaltools.gnu-tools-for-stm32.7-2018-q2-update.win32_1.5.0.202011040924/tools/bin/../lib/gcc/arm-none-eabi/7.3.1/../../../../arm-none-eabi/lib/thumb/v8-m.main/fpv5-sp/hard\libc_nano.a(lib_a-init.o)
 .debug_frame   0x0000000000003644       0x28 c:/st/stm32cubeide_1.5.1/stm32cubeide/plugins/com.st.stm32cube.ide.mcu.externaltools.gnu-tools-for-stm32.7-2018-q2-update.win32_1.5.0.202011040924/tools/bin/../lib/gcc/arm-none-eabi/7.3.1/../../../../arm-none-eabi/lib/thumb/v8-m.main/fpv5-sp/hard\libc_nano.a(lib_a-memcpy-stub.o)
 .debug_frame   0x000000000000366c       0x20 c:/st/stm32cubeide_1.5.1/stm32cubeide/plugins/com.st.stm32cube.ide.mcu.externaltools.gnu-tools-for-stm32.7-2018-q2-update.win32_1.5.0.202011040924/tools/bin/../lib/gcc/arm-none-eabi/7.3.1/../../../../arm-none-eabi/lib/thumb/v8-m.main/fpv5-sp/hard\libc_nano.a(lib_a-memset.o)
 .debug_frame   0x000000000000368c       0x2c c:/st/stm32cubeide_1.5.1/stm32cubeide/plugins/com.st.stm32cube.ide.mcu.externaltools.gnu-tools-for-stm32.7-2018-q2-update.win32_1.5.0.202011040924/tools/bin/../lib/gcc/arm-none-eabi/7.3.1/thumb/v8-m.main/fpv5-sp/hard\libgcc.a(_aeabi_uldivmod.o)
 .debug_frame   0x00000000000036b8       0x34 c:/st/stm32cubeide_1.5.1/stm32cubeide/plugins/com.st.stm32cube.ide.mcu.externaltools.gnu-tools-for-stm32.7-2018-q2-update.win32_1.5.0.202011040924/tools/bin/../lib/gcc/arm-none-eabi/7.3.1/thumb/v8-m.main/fpv5-sp/hard\libgcc.a(_udivmoddi4.o)
